###############################################################################
#
# IAR ELF Linker V9.10.2.313/W64 for ARM                  17/Aug/2021  21:32:11
# Copyright 2007-2021 IAR Systems AB.
#
#    Output file  =
#        D:\Users\joaoz\Desktop\Repos\TM4C1294_RTOS_IAR9\Projects\Laboratório_05\ewarm\Exe\prodcons.out
#    Map file     =
#        D:\Users\joaoz\Desktop\Repos\TM4C1294_RTOS_IAR9\Projects\Laboratório_05\ewarm\List\prodcons.map
#    Command line =
#        -f
#        D:\Users\joaoz\Desktop\Repos\TM4C1294_RTOS_IAR9\Projects\Laboratório_05\ewarm\Exe\prodcons.out.rsp
#        (D:\Users\joaoz\Desktop\Repos\TM4C1294_RTOS_IAR9\Projects\Laboratório_05\ewarm\Obj\driverbuttons.o
#        D:\Users\joaoz\Desktop\Repos\TM4C1294_RTOS_IAR9\Projects\Laboratório_05\ewarm\Obj\driverleds.o
#        D:\Users\joaoz\Desktop\Repos\TM4C1294_RTOS_IAR9\TivaWare_C_Series-2.1.4.178\driverlib\ewarm\Exe\driverlib.a
#        D:\Users\joaoz\Desktop\Repos\TM4C1294_RTOS_IAR9\Projects\Laboratório_05\ewarm\Obj\main.o
#        D:\Users\joaoz\Desktop\Repos\TM4C1294_RTOS_IAR9\CMSIS-5.6.0\CMSIS\RTOS2\RTX\Library\IAR\IDE\CM4F\Exe\RTX_CM.a
#        D:\Users\joaoz\Desktop\Repos\TM4C1294_RTOS_IAR9\Projects\Laboratório_05\ewarm\Obj\RTX_Config.o
#        D:\Users\joaoz\Desktop\Repos\TM4C1294_RTOS_IAR9\Projects\Laboratório_05\ewarm\Obj\rtx_lib.o
#        D:\Users\joaoz\Desktop\Repos\TM4C1294_RTOS_IAR9\Projects\Laboratório_05\ewarm\Obj\startup_TM4C1294.o
#        D:\Users\joaoz\Desktop\Repos\TM4C1294_RTOS_IAR9\Projects\Laboratório_05\ewarm\Obj\system_TM4C1294_TW.o
#        --no_out_extension -o
#        D:\Users\joaoz\Desktop\Repos\TM4C1294_RTOS_IAR9\Projects\Laboratório_05\ewarm\Exe\prodcons.out
#        --map
#        D:\Users\joaoz\Desktop\Repos\TM4C1294_RTOS_IAR9\Projects\Laboratório_05\ewarm\List\prodcons.map
#        --config "C:\Program Files\IAR Systems\Embedded Workbench
#        9.0\arm\config\linker\TexasInstruments\TM4C1294NC.icf" --semihosting
#        --entry __iar_program_start --vfe --text_out locale)
#
###############################################################################

*******************************************************************************
*** RUNTIME MODEL ATTRIBUTES
***

CppFlavor       = *
__SystemLibrary = DLib
__dlib_version  = 6


*******************************************************************************
*** HEAP SELECTION
***

The basic heap was selected because some modules are built with
size limitations (and not runtime checking), and --advanced_heap
was not specified.


*******************************************************************************
*** PLACEMENT SUMMARY
***

"A0":  place at address 0x0 { ro section .intvec };
"P1":  place in [from 0x0 to 0xf'ffff] { ro };
define block CSTACK with size = 32K, alignment = 8 { };
define block HEAP with size = 64K, alignment = 8 { };
"P2":  place in [from 0x2000'0000 to 0x2003'ffff] {
          rw, block CSTACK, block HEAP };
initialize by copy { rw };

  Section               Kind         Address    Size  Object
  -------               ----         -------    ----  ------
"A0":                                          0x3c0
  .intvec               ro code          0x0   0x3c0  startup_TM4C1294.o [1]
                                     - 0x3c0   0x3c0

"P1":                                         0x27f1
  .text                 ro code        0x3c0   0x7bc  rtx_thread.o [2]
  .text                 ro code        0xb7c     0x2  rtx_evr.o [2]
  .text                 ro code        0xb7e     0x2  rtx_evr.o [2]
  .text                 ro code        0xb80     0x2  rtx_evr.o [2]
  .text                 ro code        0xb82     0x2  rtx_evr.o [2]
  .text                 ro code        0xb84     0x2  rtx_evr.o [2]
  .text                 ro code        0xb86     0x2  rtx_evr.o [2]
  .text                 ro code        0xb88     0x2  rtx_evr.o [2]
  .text                 ro code        0xb8a     0x2  rtx_evr.o [2]
  .text                 ro code        0xb8c     0x2  rtx_evr.o [2]
  .text                 ro code        0xb8e     0x2  rtx_evr.o [2]
  .text                 ro code        0xb90    0x28  rtx_thread.o [2]
  .text                 ro code        0xbb8     0x2  rtx_evr.o [2]
  .text                 ro code        0xbba     0x2  rtx_evr.o [2]
  .text                 ro code        0xbbc     0x2  rtx_evr.o [2]
  .text                 ro code        0xbbe    0x3a  packbits_init_single.o [5]
  .text                 ro code        0xbf8    0xe6  rtx_mempool.o [2]
  .text                 ro code        0xcde     0x2  rtx_evr.o [2]
  .text                 ro code        0xce0    0x84  rtx_memory.o [2]
  .text                 ro code        0xd64     0x6  ABImemclr4.o [5]
  .text                 ro code        0xd6a     0x2  rtx_evr.o [2]
  .text                 ro code        0xd6c    0x4a  rtx_memory.o [2]
  .text                 ro code        0xdb6     0x2  RTX_Config.o [1]
  .text                 ro code        0xdb8    0x52  rtx_mutex.o [2]
  .text                 ro code        0xe0a     0x2  rtx_evr.o [2]
  .text                 ro code        0xe0c     0x2  rtx_evr.o [2]
  .text                 ro code        0xe0e     0x2  rtx_evr.o [2]
  .text                 ro code        0xe10     0x2  rtx_evr.o [2]
  .text                 ro code        0xe12     0x2  rtx_evr.o [2]
  .text                 ro code        0xe14     0x2  RTX_Config.o [1]
  .text                 ro code        0xe16     0x2  rtx_evr.o [2]
  .text                 ro code        0xe18     0x2  rtx_evr.o [2]
  .text                 ro code        0xe1a     0x2  rtx_evr.o [2]
  .text                 ro code        0xe1c     0x2  rtx_evr.o [2]
  .text                 ro code        0xe1e     0x2  startup_TM4C1294.o [1]
  .text                 ro code        0xe20    0x32  ABImemset48.o [5]
  .text                 ro code        0xe52     0x2  rtx_evr.o [2]
  .text                 ro code        0xe54     0x2  rtx_evr.o [2]
  .text                 ro code        0xe56     0x2  rtx_evr.o [2]
  .text                 ro code        0xe58   0x61c  rtx_msgqueue.o [2]
  .text                 ro code       0x1474    0xa6  ABImemcpy.o [5]
  .text                 ro code       0x151a     0x2  rtx_evr.o [2]
  .text                 ro code       0x151c     0x2  rtx_evr.o [2]
  .text                 ro code       0x151e     0x2  rtx_evr.o [2]
  .text                 ro code       0x1520     0x6  ABImemclr.o [5]
  .text                 ro code       0x1526     0x2  rtx_evr.o [2]
  .text                 ro code       0x1528     0x2  rtx_evr.o [2]
  .text                 ro code       0x152a     0x2  rtx_evr.o [2]
  .text                 ro code       0x152c     0x2  rtx_evr.o [2]
  .text                 ro code       0x152e     0x2  rtx_evr.o [2]
  .text                 ro code       0x1530     0x2  rtx_evr.o [2]
  .text                 ro code       0x1532     0x2  rtx_evr.o [2]
  .text                 ro code       0x1534   0x174  rtx_system.o [2]
  .text                 ro code       0x16a8     0x2  rtx_evr.o [2]
  .text                 ro code       0x16aa     0x2  rtx_evr.o [2]
  .text                 ro code       0x16ac    0x5e  ABImemset.o [5]
  .text                 ro code       0x170c     0xc  os_systick.o [2]
  .text                 ro code       0x1718   0x330  rtx_semaphore.o [2]
  .text                 ro code       0x1a48     0x2  rtx_evr.o [2]
  .text                 ro code       0x1a4a     0x2  rtx_evr.o [2]
  .text                 ro code       0x1a4c     0x2  rtx_evr.o [2]
  .text                 ro code       0x1a4e     0x2  rtx_evr.o [2]
  .text                 ro code       0x1a50     0x2  rtx_evr.o [2]
  .text                 ro code       0x1a52     0x2  rtx_evr.o [2]
  .text                 ro code       0x1a54     0x2  rtx_evr.o [2]
  .text                 ro code       0x1a56     0x2  rtx_evr.o [2]
  .text                 ro code       0x1a58     0x2  rtx_evr.o [2]
  .text                 ro code       0x1a5c   0x2a0  sysctl.o [4]
  .text                 ro code       0x1cfc   0x294  rtx_kernel.o [2]
  .text                 ro code       0x1f90     0x2  rtx_evr.o [2]
  .text                 ro code       0x1f92    0x44  rtx_memory.o [2]
  .text                 ro code       0x1fd6     0x2  rtx_evr.o [2]
  .text                 ro code       0x1fd8     0x2  rtx_evr.o [2]
  .text                 ro code       0x1fdc    0x40  os_systick.o [2]
  .text                 ro code       0x201c     0x6  os_systick.o [2]
  .text                 ro code       0x2024    0x2c  os_systick.o [2]
  .text                 ro code       0x2050     0x2  rtx_evr.o [2]
  .text                 ro code       0x2052     0x2  rtx_lib.o [1]
  .text                 ro code       0x2054     0x2  rtx_evr.o [2]
  .text                 ro code       0x2056     0x2  rtx_evr.o [2]
  .text                 ro code       0x2058     0x2  rtx_evr.o [2]
  .text                 ro code       0x205c   0x1d0  gpio.o [4]
  .rodata               const         0x222c   0x1b0  sysctl.o [4]
  .text                 ro code       0x23dc   0x134  driverleds.o [1]
  .text                 ro code       0x2510    0xd0  main.o [1]
  .text                 ro code       0x25e0    0xc0  driverbuttons.o [1]
  .text                 ro code       0x26a0    0x64  rtx_delay.o [2]
  .text                 ro code       0x2704    0x2c  system_TM4C1294_TW.o [1]
  .text                 ro code       0x2730    0x70  interrupt.o [4]
  .text                 ro code       0x27a0     0x2  rtx_evr.o [2]
  .text                 ro code       0x27a2     0x2  rtx_evr.o [2]
  .text                 ro code       0x27a4     0x2  rtx_evr.o [2]
  .text                 ro code       0x27a8    0xc4  irq_cm4f.o [2]
  .text                 ro code       0x286c    0x90  rtx_timer.o [2]
  .rodata               const         0x28fc    0x6c  sysctl.o [4]
  .rodata               const         0x2968    0x68  rtx_lib.o [1]
  .text                 ro code       0x29d0    0x44  rtx_timer.o [2]
  .text                 ro code       0x2a14     0x2  rtx_evr.o [2]
  .text                 ro code       0x2a16    0x38  zero_init3.o [5]
  .rodata               const         0x2a50    0x30  sysctl.o [4]
  .text                 ro code       0x2a80    0x28  data_init.o [5]
  .rodata               const         0x2aa8    0x24  rtx_lib.o [1]
  .rodata               const         0x2acc    0x24  rtx_lib.o [1]
  .iar.init_table       const         0x2af0    0x20  - Linker created -
  .text                 ro code       0x2b10    0x1e  cmain.o [5]
  .text                 ro code       0x2b2e     0x4  low_level_init.o [3]
  .text                 ro code       0x2b32     0x4  exit.o [3]
  .text                 ro code       0x2b38     0xa  cexit.o [5]
  .text                 ro code       0x2b44    0x14  exit.o [6]
  .text                 ro code       0x2b58    0x1c  cstartup_M.o [5]
  .text                 ro code       0x2b74    0x14  startup_TM4C1294.o [1]
  .rodata               const         0x2b88    0x18  rtx_lib.o [1]
  .rodata               const         0x2ba0     0x4  rtx_lib.o [1]
  .rodata               const         0x2ba4     0x0  zero_init3.o [5]
  .rodata               const         0x2ba4     0x0  packbits_init_single.o [5]
  Initializer bytes     const         0x2ba4     0xd  <for P2-1>
                                    - 0x2bb1  0x27f1

"P2", part 1 of 3:                              0xa4
  P2-1                           0x2000'0000    0xa4  <Init block>
    .data.os            inited   0x2000'0000    0xa4  rtx_kernel.o [2]
                               - 0x2000'00a4    0xa4

"P2", part 2 of 3:                            0x136c
  .bss.os               zero     0x2000'00a8  0x1000  rtx_lib.o [1]
  .bss.os.thread.stack  zero     0x2000'10a8   0x100  rtx_lib.o [1]
  .bss.os.thread.stack  zero     0x2000'11a8   0x100  rtx_lib.o [1]
  .bss.os.msgqueue.mem  zero     0x2000'12a8    0x50  rtx_lib.o [1]
  .bss.os.thread.cb     zero     0x2000'12f8    0x44  rtx_lib.o [1]
  .bss.os.thread.cb     zero     0x2000'133c    0x44  rtx_lib.o [1]
  .bss.os               zero     0x2000'1380    0x40  rtx_lib.o [1]
  .bss.os.msgqueue.cb   zero     0x2000'13c0    0x34  rtx_lib.o [1]
  .bss                  zero     0x2000'13f4    0x18  main.o [1]
  .bss                  zero     0x2000'140c     0x1  os_systick.o [2]
                               - 0x2000'140d  0x1369

"P2", part 3 of 3:                            0x8008
  .noinit               uninit   0x2000'1410     0x4  system_TM4C1294_TW.o [1]
  CSTACK                         0x2000'1418  0x8000  <Block>
    CSTACK              uninit   0x2000'1418  0x8000  <Block tail>
                               - 0x2000'9418  0x8008

Unused ranges:

         From           To      Size
         ----           --      ----
       0x2bb1     0xf'ffff  0xf'd44f
  0x2000'9418  0x2003'ffff  0x3'6be8


*******************************************************************************
*** INIT TABLE
***

          Address      Size
          -------      ----
Zero (__iar_zero_init3)
    1 destination range, total size 0x1365:
          0x2000'00a8  0x1365

Copy/packbits (__iar_packbits_init_single3)
    1 source range, total size 0xd (7% of destination):
               0x2ba4     0xd
    1 destination range, total size 0xa4:
          0x2000'0000    0xa4



*******************************************************************************
*** MODULE SUMMARY
***

    Module                  ro code  ro data  rw data
    ------                  -------  -------  -------
command line/config:
    -------------------------------------------------
    Total:

D:\Users\joaoz\Desktop\Repos\TM4C1294_RTOS_IAR9\Projects\Laboratório_05\ewarm\Obj: [1]
    RTX_Config.o                  4
    driverbuttons.o             192
    driverleds.o                308
    main.o                      208                24
    rtx_lib.o                     2      204    4'940
    startup_TM4C1294.o          982
    system_TM4C1294_TW.o         44                 4
    -------------------------------------------------
    Total:                    1'740      204    4'968

RTX_CM.a: [2]
    irq_cm4f.o                  196
    os_systick.o                126                 1
    rtx_delay.o                 100
    rtx_evr.o                   118
    rtx_kernel.o                660       13      164
    rtx_memory.o                274
    rtx_mempool.o               230
    rtx_msgqueue.o            1'564
    rtx_mutex.o                  82
    rtx_semaphore.o             816
    rtx_system.o                372
    rtx_thread.o              2'020
    rtx_timer.o                 212
    -------------------------------------------------
    Total:                    6'770       13      165

dl7M_tln.a: [3]
    exit.o                        4
    low_level_init.o              4
    -------------------------------------------------
    Total:                        8

driverlib.a: [4]
    gpio.o                      464
    interrupt.o                 112
    sysctl.o                    672      588
    -------------------------------------------------
    Total:                    1'248      588

rt7M_tl.a: [5]
    ABImemclr.o                   6
    ABImemclr4.o                  6
    ABImemcpy.o                 166
    ABImemset.o                  94
    ABImemset48.o                50
    cexit.o                      10
    cmain.o                      30
    cstartup_M.o                 28
    data_init.o                  40
    packbits_init_single.o       58
    zero_init3.o                 56
    -------------------------------------------------
    Total:                      544

shb_l.a: [6]
    exit.o                       20
    -------------------------------------------------
    Total:                       20

    Gaps                         16        2        4
    Linker created                        32   32'768
-----------------------------------------------------
    Grand Total:             10'346      839   37'905


*******************************************************************************
*** ENTRY LIST
***

Entry                       Address    Size  Type      Object
-----                       -------    ----  ----      ------
.iar.init_table$$Base        0x2af0           --   Gb  - Linker created -
.iar.init_table$$Limit       0x2b10           --   Gb  - Linker created -
?main                        0x2b11          Code  Gb  cmain.o [5]
ButtonInit                   0x25e1    0x50  Code  Gb  driverbuttons.o [1]
ButtonIntClear               0x2675    0x24  Code  Gb  driverbuttons.o [1]
ButtonIntEnable              0x2631    0x44  Code  Gb  driverbuttons.o [1]
CSTACK$$Base            0x2000'1418           --   Gb  - Linker created -
CSTACK$$Limit           0x2000'9418           --   Gb  - Linker created -
EvrRtxDelay                  0x27a3     0x2  Code  Gb  rtx_evr.o [2]
EvrRtxDelayCompleted          0xb7d     0x2  Code  Gb  rtx_evr.o [2]
EvrRtxDelayError             0x27a5     0x2  Code  Gb  rtx_evr.o [2]
EvrRtxDelayStarted           0x27a1     0x2  Code  Gb  rtx_evr.o [2]
EvrRtxEventFlagsWaitTimeout
                              0xb81     0x2  Code  Gb  rtx_evr.o [2]
EvrRtxKernelError            0x1f91     0x2  Code  Gb  rtx_evr.o [2]
EvrRtxKernelGetState         0x1fd9     0x2  Code  Gb  rtx_evr.o [2]
EvrRtxKernelInitialize       0x2055     0x2  Code  Gb  rtx_evr.o [2]
EvrRtxKernelInitialized
                             0x1fd7     0x2  Code  Gb  rtx_evr.o [2]
EvrRtxKernelStart            0x2057     0x2  Code  Gb  rtx_evr.o [2]
EvrRtxKernelStarted          0x2051     0x2  Code  Gb  rtx_evr.o [2]
EvrRtxMemoryAlloc             0xe1d     0x2  Code  Gb  rtx_evr.o [2]
EvrRtxMemoryBlockAlloc        0xe19     0x2  Code  Gb  rtx_evr.o [2]
EvrRtxMemoryBlockFree         0xe1b     0x2  Code  Gb  rtx_evr.o [2]
EvrRtxMemoryBlockInit         0xe17     0x2  Code  Gb  rtx_evr.o [2]
EvrRtxMemoryFree              0xe53     0x2  Code  Gb  rtx_evr.o [2]
EvrRtxMemoryInit             0x2059     0x2  Code  Gb  rtx_evr.o [2]
EvrRtxMemoryPoolAllocTimeout
                              0xb87     0x2  Code  Gb  rtx_evr.o [2]
EvrRtxMessageQueueCreated
                             0x1527     0x2  Code  Gb  rtx_evr.o [2]
EvrRtxMessageQueueError
                             0x151f     0x2  Code  Gb  rtx_evr.o [2]
EvrRtxMessageQueueGet        0x16ab     0x2  Code  Gb  rtx_evr.o [2]
EvrRtxMessageQueueGetPending
                             0x152d     0x2  Code  Gb  rtx_evr.o [2]
EvrRtxMessageQueueGetTimeout
                              0xb89     0x2  Code  Gb  rtx_evr.o [2]
EvrRtxMessageQueueInsertPending
                             0x16a9     0x2  Code  Gb  rtx_evr.o [2]
EvrRtxMessageQueueInserted
                             0x151b     0x2  Code  Gb  rtx_evr.o [2]
EvrRtxMessageQueueNew        0x1531     0x2  Code  Gb  rtx_evr.o [2]
EvrRtxMessageQueueNotInserted
                             0x152b     0x2  Code  Gb  rtx_evr.o [2]
EvrRtxMessageQueueNotRetrieved
                             0x152f     0x2  Code  Gb  rtx_evr.o [2]
EvrRtxMessageQueuePut        0x1533     0x2  Code  Gb  rtx_evr.o [2]
EvrRtxMessageQueuePutPending
                             0x1529     0x2  Code  Gb  rtx_evr.o [2]
EvrRtxMessageQueuePutTimeout
                              0xb8b     0x2  Code  Gb  rtx_evr.o [2]
EvrRtxMessageQueueRetrieved
                             0x151d     0x2  Code  Gb  rtx_evr.o [2]
EvrRtxMutexAcquireTimeout
                              0xb83     0x2  Code  Gb  rtx_evr.o [2]
EvrRtxMutexAcquired           0xe57     0x2  Code  Gb  rtx_evr.o [2]
EvrRtxMutexReleased           0xe55     0x2  Code  Gb  rtx_evr.o [2]
EvrRtxSemaphoreAcquire       0x1a57     0x2  Code  Gb  rtx_evr.o [2]
EvrRtxSemaphoreAcquirePending
                             0x1a4f     0x2  Code  Gb  rtx_evr.o [2]
EvrRtxSemaphoreAcquireTimeout
                              0xb85     0x2  Code  Gb  rtx_evr.o [2]
EvrRtxSemaphoreAcquired
                             0x1a49     0x2  Code  Gb  rtx_evr.o [2]
EvrRtxSemaphoreCreated       0x1a4b     0x2  Code  Gb  rtx_evr.o [2]
EvrRtxSemaphoreError         0x1a4d     0x2  Code  Gb  rtx_evr.o [2]
EvrRtxSemaphoreNew           0x1a55     0x2  Code  Gb  rtx_evr.o [2]
EvrRtxSemaphoreNotAcquired
                             0x1a51     0x2  Code  Gb  rtx_evr.o [2]
EvrRtxSemaphoreRelease       0x1a59     0x2  Code  Gb  rtx_evr.o [2]
EvrRtxSemaphoreReleased
                             0x1a53     0x2  Code  Gb  rtx_evr.o [2]
EvrRtxThreadBlocked           0xbbb     0x2  Code  Gb  rtx_evr.o [2]
EvrRtxThreadCreated           0xd6b     0x2  Code  Gb  rtx_evr.o [2]
EvrRtxThreadDestroyed         0xe0d     0x2  Code  Gb  rtx_evr.o [2]
EvrRtxThreadError             0xcdf     0x2  Code  Gb  rtx_evr.o [2]
EvrRtxThreadExit              0xe13     0x2  Code  Gb  rtx_evr.o [2]
EvrRtxThreadFlagsWaitCompleted
                              0xbbd     0x2  Code  Gb  rtx_evr.o [2]
EvrRtxThreadFlagsWaitTimeout
                              0xb7f     0x2  Code  Gb  rtx_evr.o [2]
EvrRtxThreadJoined            0xe0b     0x2  Code  Gb  rtx_evr.o [2]
EvrRtxThreadNew               0xe0f     0x2  Code  Gb  rtx_evr.o [2]
EvrRtxThreadPreempted         0xb8f     0x2  Code  Gb  rtx_evr.o [2]
EvrRtxThreadSwitched          0xbb9     0x2  Code  Gb  rtx_evr.o [2]
EvrRtxThreadUnblocked         0xb8d     0x2  Code  Gb  rtx_evr.o [2]
EvrRtxThreadYield             0xe11     0x2  Code  Gb  rtx_evr.o [2]
EvrRtxTimerCallback          0x2a15     0x2  Code  Gb  rtx_evr.o [2]
GPIODirModeSet               0x205d    0x28  Code  Gb  gpio.o [4]
GPIOIntClear                 0x21d9     0x8  Code  Gb  gpio.o [4]
GPIOIntEnable                0x21d3     0x6  Code  Gb  gpio.o [4]
GPIOIntTypeSet               0x2085    0x4c  Code  Gb  gpio.o [4]
GPIOJ_Handler                0x2511    0x40  Code  Gb  main.o [1]
GPIOPadConfigSet             0x20d1   0x102  Code  Gb  gpio.o [4]
GPIOPinTypeGPIOInput         0x21ed    0x14  Code  Gb  gpio.o [4]
GPIOPinTypeGPIOOutput        0x2201     0xa  Code  Gb  gpio.o [4]
GPIOPinWrite                 0x21e1     0x8  Code  Gb  gpio.o [4]
IntEnable                    0x2731    0x52  Code  Gb  interrupt.o [4]
LEDInit                      0x23dd    0xac  Code  Gb  driverleds.o [1]
LEDWrite                     0x24a7    0x58  Code  Gb  driverleds.o [1]
MessageQueueGet               0xea5    0x40  Code  Lc  rtx_msgqueue.o [2]
MessageQueuePut               0xe59    0x4a  Code  Lc  rtx_msgqueue.o [2]
MessageQueueRemove            0xee5    0x1a  Code  Lc  rtx_msgqueue.o [2]
OS_Tick_AcknowledgeIRQ       0x170d     0xc  Code  Gb  os_systick.o [2]
OS_Tick_Enable               0x2025    0x2c  Code  Gb  os_systick.o [2]
OS_Tick_GetIRQn              0x201d     0x6  Code  Gb  os_systick.o [2]
OS_Tick_Setup                0x1fdd    0x40  Code  Gb  os_systick.o [2]
PendST                  0x2000'140c     0x1  Data  Lc  os_systick.o [2]
PendSV_Handler               0x2841          Code  Gb  irq_cm4f.o [2]
Region$$Table$$Base          0x2af0           --   Gb  - Linker created -
Region$$Table$$Limit         0x2b10           --   Gb  - Linker created -
SVC_Handler                  0x27a9          Code  Gb  irq_cm4f.o [2]
SysCtlClockFreqSet           0x1abf   0x1fc  Code  Gb  sysctl.o [4]
SysCtlPeripheralEnable       0x1aa1     0x8  Code  Gb  sysctl.o [4]
SysCtlPeripheralReady        0x1a7f     0x8  Code  Gb  sysctl.o [4]
SysTick_Handler              0x2851          Code  Gb  irq_cm4f.o [2]
SystemCoreClock         0x2000'1410     0x4  Data  Gb  system_TM4C1294_TW.o [1]
SystemInit                   0x2705    0x1a  Code  Gb  system_TM4C1294_TW.o [1]
ThreadFlagsCheck              0x3c1    0x6c  Code  Lc  rtx_thread.o [2]
TimerInsert                  0x286d    0x38  Code  Lc  rtx_timer.o [2]
_SysCtlMemTimingGet          0x1a5d    0x22  Code  Lc  sysctl.o [4]
__Vectors                       0x0           --   Gb  startup_TM4C1294.o [1]
__Vectors_End                 0x3c0          Data  Gb  startup_TM4C1294.o [1]
__Vectors_Size {Abs}          0x3c0           --   Gb  startup_TM4C1294.o [1]
__aeabi_memclr               0x1521          Code  Gb  ABImemclr.o [5]
__aeabi_memclr4               0xd65          Code  Gb  ABImemclr4.o [5]
__aeabi_memcpy               0x1475          Code  Gb  ABImemcpy.o [5]
__aeabi_memcpy4              0x1495          Code  Gb  ABImemcpy.o [5]
__aeabi_memcpy8              0x1495          Code  Gb  ABImemcpy.o [5]
__cmain                      0x2b11          Code  Gb  cmain.o [5]
__exit                       0x2b45    0x14  Code  Gb  exit.o [6]
__iar_Memset4_word            0xe21          Code  Gb  ABImemset48.o [5]
__iar_Memset8_word            0xe21          Code  Gb  ABImemset48.o [5]
__iar_Memset_word            0x16ad          Code  Gb  ABImemset.o [5]
__iar_data_init3             0x2a81    0x28  Code  Gb  data_init.o [5]
__iar_init_vfp               0x2b7d          Code  Wk  startup_TM4C1294.o [1]
__iar_packbits_init_single3
                              0xbbf    0x3a  Code  Gb  packbits_init_single.o [5]
__iar_program_start          0x2b59          Code  Gb  cstartup_M.o [5]
__iar_zero_init3             0x2a17    0x38  Code  Gb  zero_init3.o [5]
__low_level_init             0x2b2f     0x4  Code  Gb  low_level_init.o [3]
__vector_table                  0x0          Data  Gb  startup_TM4C1294.o [1]
__vector_table_0x1c            0x1c          Data  Gb  startup_TM4C1294.o [1]
_call_main                   0x2b1d          Code  Gb  cmain.o [5]
_exit                        0x2b39          Code  Gb  cexit.o [5]
buffer                  0x2000'13f8     0x8  Data  Gb  main.o [1]
cheio_id                0x2000'1408     0x4  Data  Gb  main.o [1]
consumidor                   0x2551    0x38  Code  Gb  main.o [1]
consumidor_id           0x2000'1400     0x4  Data  Gb  main.o [1]
count                   0x2000'13f4     0x1  Data  Gb  main.o [1]
exit                         0x2b33     0x4  Code  Gb  exit.o [3]
g_pppui32XTALtoVCO           0x222c   0x1b0  Data  Lc  sysctl.o [4]
g_pui32EnRegs                0x278c    0x14  Data  Lc  interrupt.o [4]
g_pui32VCOFrequencies        0x1cf4     0x8  Data  Lc  sysctl.o [4]
g_pui32Xtals                 0x28fc    0x6c  Data  Lc  sysctl.o [4]
g_sXTALtoMEMTIM              0x2a50    0x30  Data  Lc  sysctl.o [4]
index_p                 0x2000'13f5     0x1  Data  Gb  main.o [1]
main                         0x2589    0x50  Code  Gb  main.o [1]
osDelay                      0x26c5    0x38  Code  Gb  rtx_delay.o [2]
osKernelGetState             0x1ef5    0x40  Code  Gb  rtx_kernel.o [2]
osKernelInitialize           0x1ebd    0x38  Code  Gb  rtx_kernel.o [2]
osKernelStart                0x1f35    0x34  Code  Gb  rtx_kernel.o [2]
osMessageQueueGet            0x13d1    0x90  Code  Gb  rtx_msgqueue.o [2]
osMessageQueueNew            0x12f9    0x3e  Code  Gb  rtx_msgqueue.o [2]
osMessageQueuePut            0x1339    0x98  Code  Gb  rtx_msgqueue.o [2]
osRtxConfig                  0x2968    0x68  Data  Gb  rtx_lib.o [1]
osRtxErrorNotify              0xe15     0x2  Code  Gb  RTX_Config.o [1]
osRtxIdleThread               0xdb7     0x2  Code  Gb  RTX_Config.o [1]
osRtxInfo               0x2000'0000    0xa4  Data  Gb  rtx_kernel.o [2]
osRtxKernelPreInit           0x2053     0x2  Code  Gb  rtx_lib.o [1]
osRtxMemoryAlloc              0xce1    0x84  Code  Gb  rtx_memory.o [2]
osRtxMemoryFree               0xd6d    0x4a  Code  Gb  rtx_memory.o [2]
osRtxMemoryInit              0x1f93    0x44  Code  Gb  rtx_memory.o [2]
osRtxMemoryPoolAlloc          0xc45    0x44  Code  Gb  rtx_mempool.o [2]
osRtxMemoryPoolFree           0xc89    0x56  Code  Gb  rtx_mempool.o [2]
osRtxMemoryPoolInit           0xbf9    0x4a  Code  Gb  rtx_mempool.o [2]
osRtxMessageQueuePostProcess
                              0xeff    0xe6  Code  Lc  rtx_msgqueue.o [2]
osRtxMutexOwnerRelease        0xdb9    0x52  Code  Gb  rtx_mutex.o [2]
osRtxPendSV_Handler          0x15a5    0x8a  Code  Gb  rtx_system.o [2]
osRtxPostProcess             0x1631    0x6e  Code  Gb  rtx_system.o [2]
osRtxSemaphorePostProcess
                             0x1719    0x42  Code  Lc  rtx_semaphore.o [2]
osRtxThreadBlock              0x629    0x34  Code  Lc  rtx_thread.o [2]
osRtxThreadDelayInsert        0x481    0x62  Code  Lc  rtx_thread.o [2]
osRtxThreadDelayRemove        0x4e3    0x44  Code  Lc  rtx_thread.o [2]
osRtxThreadDelayTick          0x527    0xee  Code  Gb  rtx_thread.o [2]
osRtxThreadDispatch           0x679    0x54  Code  Gb  rtx_thread.o [2]
osRtxThreadFree               0x9a9    0x56  Code  Lc  rtx_thread.o [2]
osRtxThreadListGet            0x44f    0x14  Code  Gb  rtx_thread.o [2]
osRtxThreadListPut            0x42d    0x22  Code  Gb  rtx_thread.o [2]
osRtxThreadListRemove         0x463    0x16  Code  Gb  rtx_thread.o [2]
osRtxThreadPostProcess        0x741    0x54  Code  Lc  rtx_thread.o [2]
osRtxThreadReadyPut           0x479     0x8  Code  Gb  rtx_thread.o [2]
osRtxThreadRegPtr             0x615    0x14  Code  Gb  rtx_thread.o [2]
osRtxThreadStackCheck         0xb91    0x28  Code  Gb  rtx_thread.o [2]
osRtxThreadStartup            0xa91    0x30  Code  Gb  rtx_thread.o [2]
osRtxThreadSwitch             0x65d    0x1c  Code  Gb  rtx_thread.o [2]
osRtxThreadWaitEnter          0x707    0x3a  Code  Gb  rtx_thread.o [2]
osRtxThreadWaitExit           0x6d3    0x2e  Code  Gb  rtx_thread.o [2]
osRtxTick_Handler            0x1535    0x6e  Code  Gb  rtx_system.o [2]
osRtxTimerThread             0x29d1    0x44  Code  Gb  rtx_timer.o [2]
osRtxTimerTick               0x28a5    0x54  Code  Lc  rtx_timer.o [2]
osRtxUserSVC                 0x2ba0     0x4  Data  Gb  rtx_lib.o [1]
osSemaphoreAcquire           0x1929    0x7e  Code  Gb  rtx_semaphore.o [2]
osSemaphoreNew               0x18e9    0x3e  Code  Gb  rtx_semaphore.o [2]
osSemaphoreRelease           0x19a9    0x8a  Code  Gb  rtx_semaphore.o [2]
osThreadExit                  0xb45    0x16  Code  Gb  rtx_thread.o [2]
osThreadNew                   0xac5    0x40  Code  Gb  rtx_thread.o [2]
osThreadYield                 0xb09    0x36  Code  Gb  rtx_thread.o [2]
os_idle_thread_attr          0x2aa8    0x24  Data  Lc  rtx_lib.o [1]
os_idle_thread_cb       0x2000'12f8    0x44  Data  Lc  rtx_lib.o [1]
os_idle_thread_stack    0x2000'10a8   0x100  Data  Lc  rtx_lib.o [1]
os_isr_queue            0x2000'1380    0x40  Data  Lc  rtx_lib.o [1]
os_mem                  0x2000'00a8  0x1000  Data  Lc  rtx_lib.o [1]
os_timer_mq_attr             0x2b88    0x18  Data  Lc  rtx_lib.o [1]
os_timer_mq_cb          0x2000'13c0    0x34  Data  Lc  rtx_lib.o [1]
os_timer_mq_data        0x2000'12a8    0x50  Data  Lc  rtx_lib.o [1]
os_timer_thread_attr         0x2acc    0x24  Data  Lc  rtx_lib.o [1]
os_timer_thread_cb      0x2000'133c    0x44  Data  Lc  rtx_lib.o [1]
os_timer_thread_stack   0x2000'11a8   0x100  Data  Lc  rtx_lib.o [1]
svcRtxDelay                  0x26a1    0x24  Code  Lc  rtx_delay.o [2]
svcRtxKernelGetState         0x1e13    0x12  Code  Lc  rtx_kernel.o [2]
svcRtxKernelInitialize       0x1cfd   0x116  Code  Lc  rtx_kernel.o [2]
svcRtxKernelStart            0x1e25    0x96  Code  Lc  rtx_kernel.o [2]
svcRtxMessageQueueGet        0x11e9    0xe8  Code  Lc  rtx_msgqueue.o [2]
svcRtxMessageQueueNew         0xfe5   0x130  Code  Lc  rtx_msgqueue.o [2]
svcRtxMessageQueuePut        0x1115    0xd4  Code  Lc  rtx_msgqueue.o [2]
svcRtxSemaphoreAcquire       0x17f5    0x6e  Code  Lc  rtx_semaphore.o [2]
svcRtxSemaphoreNew           0x175b    0x98  Code  Lc  rtx_semaphore.o [2]
svcRtxSemaphoreRelease       0x1865    0x70  Code  Lc  rtx_semaphore.o [2]
svcRtxThreadExit              0x9ff    0x8e  Code  Lc  rtx_thread.o [2]
svcRtxThreadNew               0x795   0x1cc  Code  Lc  rtx_thread.o [2]
svcRtxThreadYield             0x967    0x42  Code  Lc  rtx_thread.o [2]
vazio_id                0x2000'1404     0x4  Data  Gb  main.o [1]


[1] = D:\Users\joaoz\Desktop\Repos\TM4C1294_RTOS_IAR9\Projects\Laboratório_05\ewarm\Obj
[2] = RTX_CM.a
[3] = dl7M_tln.a
[4] = driverlib.a
[5] = rt7M_tl.a
[6] = shb_l.a

  10'346 bytes of readonly  code memory
     839 bytes of readonly  data memory
  37'905 bytes of readwrite data memory

Errors: none
Warnings: none
