###############################################################################
#
# IAR ELF Linker V9.10.2.313/W64 for ARM                  04/Aug/2021  23:33:07
# Copyright 2007-2021 IAR Systems AB.
#
#    Output file  =
#        D:\Users\joaoz\Desktop\Repos\TM4C1294_RTOS_IAR9\Projects\Laboratório_06\ewarm\Exe\main.out
#    Map file     =
#        D:\Users\joaoz\Desktop\Repos\TM4C1294_RTOS_IAR9\Projects\Laboratório_06\ewarm\List\main.map
#    Command line =
#        -f
#        D:\Users\joaoz\Desktop\Repos\TM4C1294_RTOS_IAR9\Projects\Laboratório_06\ewarm\Exe\main.out.rsp
#        (D:\Users\joaoz\Desktop\Repos\TM4C1294_RTOS_IAR9\Projects\Laboratório_06\ewarm\Obj\driverbuttons.o
#        D:\Users\joaoz\Desktop\Repos\TM4C1294_RTOS_IAR9\Projects\Laboratório_06\ewarm\Obj\driverleds.o
#        D:\Users\joaoz\Desktop\Repos\TM4C1294_RTOS_IAR9\TivaWare_C_Series-2.1.4.178\driverlib\ewarm\Exe\driverlib.a
#        D:\Users\joaoz\Desktop\Repos\TM4C1294_RTOS_IAR9\Projects\Laboratório_06\ewarm\Obj\main.o
#        D:\Users\joaoz\Desktop\Repos\TM4C1294_RTOS_IAR9\CMSIS-5.6.0\CMSIS\RTOS2\RTX\Library\IAR\IDE\CM4F\Exe\RTX_CM.a
#        D:\Users\joaoz\Desktop\Repos\TM4C1294_RTOS_IAR9\Projects\Laboratório_06\ewarm\Obj\RTX_Config.o
#        D:\Users\joaoz\Desktop\Repos\TM4C1294_RTOS_IAR9\Projects\Laboratório_06\ewarm\Obj\rtx_lib.o
#        D:\Users\joaoz\Desktop\Repos\TM4C1294_RTOS_IAR9\Projects\Laboratório_06\ewarm\Obj\startup_TM4C1294.o
#        D:\Users\joaoz\Desktop\Repos\TM4C1294_RTOS_IAR9\Projects\Laboratório_06\ewarm\Obj\system_TM4C1294_TW.o
#        --no_out_extension -o
#        D:\Users\joaoz\Desktop\Repos\TM4C1294_RTOS_IAR9\Projects\Laboratório_06\ewarm\Exe\main.out
#        --map
#        D:\Users\joaoz\Desktop\Repos\TM4C1294_RTOS_IAR9\Projects\Laboratório_06\ewarm\List\main.map
#        --config "C:\Program Files\IAR Systems\Embedded Workbench
#        9.0\arm\config\linker\TexasInstruments\TM4C1294NC.icf" --semihosting
#        --entry __iar_program_start --vfe --text_out locale)
#
###############################################################################

*******************************************************************************
*** RUNTIME MODEL ATTRIBUTES
***

CppFlavor       = *
__SystemLibrary = DLib
__dlib_version  = 6


*******************************************************************************
*** HEAP SELECTION
***

The basic heap was selected because some modules are built with
size limitations (and not runtime checking), and --advanced_heap
was not specified.


*******************************************************************************
*** PLACEMENT SUMMARY
***

"A0":  place at address 0x0 { ro section .intvec };
"P1":  place in [from 0x0 to 0xf'ffff] { ro };
define block CSTACK with size = 32K, alignment = 8 { };
define block HEAP with size = 64K, alignment = 8 { };
"P2":  place in [from 0x2000'0000 to 0x2003'ffff] {
          rw, block CSTACK, block HEAP };
initialize by copy { rw };

  Section                Kind         Address    Size  Object
  -------                ----         -------    ----  ------
"A0":                                           0x3c0
  .intvec                ro code          0x0   0x3c0  startup_TM4C1294.o [1]
                                      - 0x3c0   0x3c0

"P1":                                          0x2bdf
  .text                  ro code        0x3c0   0x9c8  rtx_thread.o [2]
  .text                  ro code        0xd88     0x2  rtx_evr.o [2]
  .text                  ro code        0xd8a     0x2  rtx_evr.o [2]
  .text                  ro code        0xd8c     0x2  rtx_evr.o [2]
  .text                  ro code        0xd8e     0x2  rtx_evr.o [2]
  .text                  ro code        0xd90     0x2  rtx_evr.o [2]
  .text                  ro code        0xd92     0x2  rtx_evr.o [2]
  .text                  ro code        0xd94     0x2  rtx_evr.o [2]
  .text                  ro code        0xd96     0x2  rtx_evr.o [2]
  .text                  ro code        0xd98     0x2  rtx_evr.o [2]
  .text                  ro code        0xd9a     0x2  rtx_evr.o [2]
  .text                  ro code        0xd9c    0x28  rtx_thread.o [2]
  .text                  ro code        0xdc4     0x2  rtx_evr.o [2]
  .text                  ro code        0xdc6     0x2  rtx_evr.o [2]
  .text                  ro code        0xdc8     0x2  rtx_evr.o [2]
  .text                  ro code        0xdca    0x3a  packbits_init_single.o [5]
  .text                  ro code        0xe04    0xe6  rtx_mempool.o [2]
  .text                  ro code        0xeea     0x2  rtx_evr.o [2]
  .text                  ro code        0xeec    0x84  rtx_memory.o [2]
  .text                  ro code        0xf70     0x6  ABImemclr4.o [5]
  .text                  ro code        0xf76     0x2  rtx_evr.o [2]
  .text                  ro code        0xf78    0x4a  rtx_memory.o [2]
  .text                  ro code        0xfc2     0x2  RTX_Config.o [1]
  .text                  ro code        0xfc4   0x34c  rtx_mutex.o [2]
  .text                  ro code       0x1310     0x2  rtx_evr.o [2]
  .text                  ro code       0x1312     0x2  rtx_evr.o [2]
  .text                  ro code       0x1314     0x2  rtx_evr.o [2]
  .text                  ro code       0x1316     0x2  rtx_evr.o [2]
  .text                  ro code       0x1318     0x2  rtx_evr.o [2]
  .text                  ro code       0x131a     0x2  rtx_evr.o [2]
  .text                  ro code       0x131c     0x2  rtx_evr.o [2]
  .text                  ro code       0x131e     0x2  rtx_evr.o [2]
  .text                  ro code       0x1320     0x2  rtx_evr.o [2]
  .text                  ro code       0x1322     0x2  startup_TM4C1294.o [1]
  .text                  ro code       0x1324   0x174  rtx_system.o [2]
  .text                  ro code       0x1498     0x2  rtx_evr.o [2]
  .text                  ro code       0x149a     0x2  RTX_Config.o [1]
  .text                  ro code       0x149c     0x2  rtx_evr.o [2]
  .text                  ro code       0x149e     0x2  rtx_evr.o [2]
  .text                  ro code       0x14a0     0x2  rtx_evr.o [2]
  .text                  ro code       0x14a2     0x2  rtx_evr.o [2]
  .text                  ro code       0x14a4    0x32  ABImemset48.o [5]
  .text                  ro code       0x14d6     0x2  rtx_evr.o [2]
  .text                  ro code       0x14d8     0x2  rtx_evr.o [2]
  .text                  ro code       0x14da     0x2  rtx_evr.o [2]
  .text                  ro code       0x14dc     0x2  rtx_evr.o [2]
  .text                  ro code       0x14de     0x2  rtx_evr.o [2]
  .text                  ro code       0x14e0     0x2  rtx_evr.o [2]
  .text                  ro code       0x14e2     0x2  rtx_evr.o [2]
  .text                  ro code       0x14e4     0x2  rtx_evr.o [2]
  .text                  ro code       0x14e6     0x2  rtx_evr.o [2]
  .text                  ro code       0x14e8     0x2  rtx_evr.o [2]
  .text                  ro code       0x14ec     0xc  os_systick.o [2]
  .text                  ro code       0x14f8   0x61c  rtx_msgqueue.o [2]
  .text                  ro code       0x1b14    0xa6  ABImemcpy.o [5]
  .text                  ro code       0x1bba     0x2  rtx_evr.o [2]
  .text                  ro code       0x1bbc     0x2  rtx_evr.o [2]
  .text                  ro code       0x1bbe     0x2  rtx_evr.o [2]
  .text                  ro code       0x1bc0     0x6  ABImemclr.o [5]
  .text                  ro code       0x1bc6     0x2  rtx_evr.o [2]
  .text                  ro code       0x1bc8     0x2  rtx_evr.o [2]
  .text                  ro code       0x1bca     0x2  rtx_evr.o [2]
  .text                  ro code       0x1bcc     0x2  rtx_evr.o [2]
  .text                  ro code       0x1bce     0x2  rtx_evr.o [2]
  .text                  ro code       0x1bd0     0x2  rtx_evr.o [2]
  .text                  ro code       0x1bd2     0x2  rtx_evr.o [2]
  .text                  ro code       0x1bd4     0x2  rtx_evr.o [2]
  .text                  ro code       0x1bd6     0x2  rtx_evr.o [2]
  .text                  ro code       0x1bd8    0x5e  ABImemset.o [5]
  .text                  ro code       0x1c38   0x2a0  sysctl.o [4]
  .text                  ro code       0x1ed8   0x294  rtx_kernel.o [2]
  .text                  ro code       0x216c     0x2  rtx_evr.o [2]
  .text                  ro code       0x216e    0x44  rtx_memory.o [2]
  .text                  ro code       0x21b2     0x2  rtx_evr.o [2]
  .text                  ro code       0x21b4     0x2  rtx_evr.o [2]
  .text                  ro code       0x21b8    0x40  os_systick.o [2]
  .text                  ro code       0x21f8     0x6  os_systick.o [2]
  .text                  ro code       0x2200    0x2c  os_systick.o [2]
  .text                  ro code       0x222c     0x2  rtx_evr.o [2]
  .text                  ro code       0x222e     0x2  rtx_lib.o [1]
  .text                  ro code       0x2230     0x2  rtx_evr.o [2]
  .text                  ro code       0x2232     0x2  rtx_evr.o [2]
  .text                  ro code       0x2234     0x2  rtx_evr.o [2]
  .text                  ro code       0x2238   0x270  main.o [1]
  .text                  ro code       0x24a8   0x14c  driverleds.o [1]
  .text                  ro code       0x25f4    0x64  rtx_delay.o [2]
  .text                  ro code       0x2658    0xe8  driverbuttons.o [1]
  .text                  ro code       0x2740    0x2c  system_TM4C1294_TW.o [1]
  .text                  ro code       0x276c   0x1d8  gpio.o [4]
  .text                  ro code       0x2944     0x2  rtx_evr.o [2]
  .text                  ro code       0x2946     0x2  rtx_evr.o [2]
  .text                  ro code       0x2948     0x2  rtx_evr.o [2]
  .text                  ro code       0x294c    0x70  interrupt.o [4]
  .rodata                const         0x29bc   0x1b0  sysctl.o [4]
  .text                  ro code       0x2b6c    0xc4  irq_cm4f.o [2]
  .text                  ro code       0x2c30    0x90  rtx_timer.o [2]
  .rodata                const         0x2cc0    0x6c  sysctl.o [4]
  .rodata                const         0x2d2c    0x68  rtx_lib.o [1]
  .text                  ro code       0x2d94    0x44  rtx_timer.o [2]
  .text                  ro code       0x2dd8     0x2  rtx_evr.o [2]
  .text                  ro code       0x2dda    0x38  zero_init3.o [5]
  .rodata                const         0x2e14    0x30  sysctl.o [4]
  .text                  ro code       0x2e44    0x28  data_init.o [5]
  .rodata                const         0x2e6c    0x24  rtx_lib.o [1]
  .rodata                const         0x2e90    0x24  rtx_lib.o [1]
  .iar.init_table        const         0x2eb4    0x20  - Linker created -
  .text                  ro code       0x2ed4    0x1e  cmain.o [5]
  .text                  ro code       0x2ef2     0x4  low_level_init.o [3]
  .text                  ro code       0x2ef6     0x4  exit.o [3]
  .text                  ro code       0x2efc     0xa  cexit.o [5]
  .text                  ro code       0x2f08    0x14  exit.o [6]
  .text                  ro code       0x2f1c    0x1c  cstartup_M.o [5]
  .text                  ro code       0x2f38    0x14  startup_TM4C1294.o [1]
  .rodata                const         0x2f4c    0x18  rtx_lib.o [1]
  .rodata                const         0x2f64     0xc  main.o [1]
  .rodata                const         0x2f70     0x4  rtx_lib.o [1]
  .rodata                const         0x2f74     0x0  zero_init3.o [5]
  .rodata                const         0x2f74     0x0  packbits_init_single.o [5]
  Initializer bytes      const         0x2f74    0x2b  <for P2-1>
                                     - 0x2f9f  0x2bdf

"P2", part 1 of 3:                               0xd4
  P2-1                            0x2000'0000    0xd4  <Init block>
    .data.os             inited   0x2000'0000    0xa4  rtx_kernel.o [2]
    .data.os.thread.mpi  inited   0x2000'00a4    0x18  rtx_lib.o [1]
    .data.os.thread.mpi  inited   0x2000'00bc    0x18  rtx_lib.o [1]
                                - 0x2000'00d4    0xd4

"P2", part 2 of 3:                             0x1e6c
  .bss.os                zero     0x2000'00d8  0x1000  rtx_lib.o [1]
  .bss.os.thread.stack   zero     0x2000'10d8   0x960  rtx_lib.o [1]
  .bss.os.thread.cb      zero     0x2000'1a38   0x198  rtx_lib.o [1]
  .bss.os.thread.stack   zero     0x2000'1bd0   0x100  rtx_lib.o [1]
  .bss.os.thread.stack   zero     0x2000'1cd0   0x100  rtx_lib.o [1]
  .bss.os.msgqueue.mem   zero     0x2000'1dd0    0x50  rtx_lib.o [1]
  .bss.os.thread.cb      zero     0x2000'1e20    0x44  rtx_lib.o [1]
  .bss.os.thread.cb      zero     0x2000'1e64    0x44  rtx_lib.o [1]
  .bss.os                zero     0x2000'1ea8    0x40  rtx_lib.o [1]
  .bss.os.msgqueue.cb    zero     0x2000'1ee8    0x34  rtx_lib.o [1]
  .bss                   zero     0x2000'1f1c    0x20  main.o [1]
  .bss                   zero     0x2000'1f3c     0x1  os_systick.o [2]
                                - 0x2000'1f3d  0x1e69

"P2", part 3 of 3:                             0x8008
  .noinit                uninit   0x2000'1f40     0x4  system_TM4C1294_TW.o [1]
  CSTACK                          0x2000'1f48  0x8000  <Block>
    CSTACK               uninit   0x2000'1f48  0x8000  <Block tail>
                                - 0x2000'9f48  0x8008

Unused ranges:

         From           To      Size
         ----           --      ----
       0x2f9f     0xf'ffff  0xf'd061
  0x2000'9f48  0x2003'ffff  0x3'60b8


*******************************************************************************
*** INIT TABLE
***

          Address      Size
          -------      ----
Zero (__iar_zero_init3)
    1 destination range, total size 0x1e65:
          0x2000'00d8  0x1e65

Copy/packbits (__iar_packbits_init_single3)
    1 source range, total size 0x2b (20% of destination):
               0x2f74    0x2b
    1 destination range, total size 0xd4:
          0x2000'0000    0xd4



*******************************************************************************
*** MODULE SUMMARY
***

    Module                  ro code  ro data  rw data
    ------                  -------  -------  -------
command line/config:
    -------------------------------------------------
    Total:

D:\Users\joaoz\Desktop\Repos\TM4C1294_RTOS_IAR9\Projects\Laboratório_06\ewarm\Obj: [1]
    RTX_Config.o                  4
    driverbuttons.o             232
    driverleds.o                332
    main.o                      624       12       32
    rtx_lib.o                     2      214    7'796
    startup_TM4C1294.o          982
    system_TM4C1294_TW.o         44                 4
    -------------------------------------------------
    Total:                    2'220      226    7'832

RTX_CM.a: [2]
    irq_cm4f.o                  196
    os_systick.o                126                 1
    rtx_delay.o                 100
    rtx_evr.o                   124
    rtx_kernel.o                660       33      164
    rtx_memory.o                274
    rtx_mempool.o               230
    rtx_msgqueue.o            1'564
    rtx_mutex.o                 844
    rtx_system.o                372
    rtx_thread.o              2'544
    rtx_timer.o                 212
    -------------------------------------------------
    Total:                    7'246       33      165

dl7M_tln.a: [3]
    exit.o                        4
    low_level_init.o              4
    -------------------------------------------------
    Total:                        8

driverlib.a: [4]
    gpio.o                      472
    interrupt.o                 112
    sysctl.o                    672      588
    -------------------------------------------------
    Total:                    1'256      588

rt7M_tl.a: [5]
    ABImemclr.o                   6
    ABImemclr4.o                  6
    ABImemcpy.o                 166
    ABImemset.o                  94
    ABImemset48.o                50
    cexit.o                      10
    cmain.o                      30
    cstartup_M.o                 28
    data_init.o                  40
    packbits_init_single.o       58
    zero_init3.o                 56
    -------------------------------------------------
    Total:                      544

shb_l.a: [6]
    exit.o                       20
    -------------------------------------------------
    Total:                       20

    Gaps                         16        2        4
    Linker created                        32   32'768
-----------------------------------------------------
    Grand Total:             11'310      881   40'769


*******************************************************************************
*** ENTRY LIST
***

Entry                       Address    Size  Type      Object
-----                       -------    ----  ----      ------
.iar.init_table$$Base        0x2eb4           --   Gb  - Linker created -
.iar.init_table$$Limit       0x2ed4           --   Gb  - Linker created -
?main                        0x2ed5          Code  Gb  cmain.o [5]
ButtonInit                   0x2659    0x50  Code  Gb  driverbuttons.o [1]
ButtonIntClear               0x2715    0x24  Code  Gb  driverbuttons.o [1]
ButtonIntEnable              0x26d1    0x44  Code  Gb  driverbuttons.o [1]
ButtonRead                   0x26a9    0x28  Code  Gb  driverbuttons.o [1]
CSTACK$$Base            0x2000'1f48           --   Gb  - Linker created -
CSTACK$$Limit           0x2000'9f48           --   Gb  - Linker created -
CurrentState            0x2000'1f1c     0x1  Data  Gb  main.o [1]
EvrRtxDelay                  0x2947     0x2  Code  Gb  rtx_evr.o [2]
EvrRtxDelayCompleted          0xd89     0x2  Code  Gb  rtx_evr.o [2]
EvrRtxDelayError             0x2949     0x2  Code  Gb  rtx_evr.o [2]
EvrRtxDelayStarted           0x2945     0x2  Code  Gb  rtx_evr.o [2]
EvrRtxEventFlagsWaitTimeout
                              0xd8d     0x2  Code  Gb  rtx_evr.o [2]
EvrRtxKernelError            0x216d     0x2  Code  Gb  rtx_evr.o [2]
EvrRtxKernelGetState         0x21b5     0x2  Code  Gb  rtx_evr.o [2]
EvrRtxKernelInitialize       0x2231     0x2  Code  Gb  rtx_evr.o [2]
EvrRtxKernelInitialized
                             0x21b3     0x2  Code  Gb  rtx_evr.o [2]
EvrRtxKernelStart            0x2233     0x2  Code  Gb  rtx_evr.o [2]
EvrRtxKernelStarted          0x222d     0x2  Code  Gb  rtx_evr.o [2]
EvrRtxMemoryAlloc            0x14a3     0x2  Code  Gb  rtx_evr.o [2]
EvrRtxMemoryBlockAlloc       0x149f     0x2  Code  Gb  rtx_evr.o [2]
EvrRtxMemoryBlockFree        0x14a1     0x2  Code  Gb  rtx_evr.o [2]
EvrRtxMemoryBlockInit        0x149d     0x2  Code  Gb  rtx_evr.o [2]
EvrRtxMemoryFree             0x14d7     0x2  Code  Gb  rtx_evr.o [2]
EvrRtxMemoryInit             0x2235     0x2  Code  Gb  rtx_evr.o [2]
EvrRtxMemoryPoolAllocTimeout
                              0xd93     0x2  Code  Gb  rtx_evr.o [2]
EvrRtxMessageQueueCreated
                             0x1bc7     0x2  Code  Gb  rtx_evr.o [2]
EvrRtxMessageQueueError
                             0x1bbf     0x2  Code  Gb  rtx_evr.o [2]
EvrRtxMessageQueueGet        0x1bd7     0x2  Code  Gb  rtx_evr.o [2]
EvrRtxMessageQueueGetPending
                             0x1bcd     0x2  Code  Gb  rtx_evr.o [2]
EvrRtxMessageQueueGetTimeout
                              0xd95     0x2  Code  Gb  rtx_evr.o [2]
EvrRtxMessageQueueInsertPending
                             0x1bd5     0x2  Code  Gb  rtx_evr.o [2]
EvrRtxMessageQueueInserted
                             0x1bbb     0x2  Code  Gb  rtx_evr.o [2]
EvrRtxMessageQueueNew        0x1bd1     0x2  Code  Gb  rtx_evr.o [2]
EvrRtxMessageQueueNotInserted
                             0x1bcb     0x2  Code  Gb  rtx_evr.o [2]
EvrRtxMessageQueueNotRetrieved
                             0x1bcf     0x2  Code  Gb  rtx_evr.o [2]
EvrRtxMessageQueuePut        0x1bd3     0x2  Code  Gb  rtx_evr.o [2]
EvrRtxMessageQueuePutPending
                             0x1bc9     0x2  Code  Gb  rtx_evr.o [2]
EvrRtxMessageQueuePutTimeout
                              0xd97     0x2  Code  Gb  rtx_evr.o [2]
EvrRtxMessageQueueRetrieved
                             0x1bbd     0x2  Code  Gb  rtx_evr.o [2]
EvrRtxMutexAcquire           0x14e7     0x2  Code  Gb  rtx_evr.o [2]
EvrRtxMutexAcquirePending
                             0x14e1     0x2  Code  Gb  rtx_evr.o [2]
EvrRtxMutexAcquireTimeout
                              0xd8f     0x2  Code  Gb  rtx_evr.o [2]
EvrRtxMutexAcquired          0x14db     0x2  Code  Gb  rtx_evr.o [2]
EvrRtxMutexCreated           0x14df     0x2  Code  Gb  rtx_evr.o [2]
EvrRtxMutexError             0x14dd     0x2  Code  Gb  rtx_evr.o [2]
EvrRtxMutexNew               0x14e5     0x2  Code  Gb  rtx_evr.o [2]
EvrRtxMutexNotAcquired       0x14e3     0x2  Code  Gb  rtx_evr.o [2]
EvrRtxMutexRelease           0x14e9     0x2  Code  Gb  rtx_evr.o [2]
EvrRtxMutexReleased          0x14d9     0x2  Code  Gb  rtx_evr.o [2]
EvrRtxSemaphoreAcquireTimeout
                              0xd91     0x2  Code  Gb  rtx_evr.o [2]
EvrRtxThreadBlocked           0xdc7     0x2  Code  Gb  rtx_evr.o [2]
EvrRtxThreadCreated           0xf77     0x2  Code  Gb  rtx_evr.o [2]
EvrRtxThreadDestroyed        0x1313     0x2  Code  Gb  rtx_evr.o [2]
EvrRtxThreadError             0xeeb     0x2  Code  Gb  rtx_evr.o [2]
EvrRtxThreadExit             0x131f     0x2  Code  Gb  rtx_evr.o [2]
EvrRtxThreadFlagsError       0x1315     0x2  Code  Gb  rtx_evr.o [2]
EvrRtxThreadFlagsSet         0x1321     0x2  Code  Gb  rtx_evr.o [2]
EvrRtxThreadFlagsSetDone
                             0x1317     0x2  Code  Gb  rtx_evr.o [2]
EvrRtxThreadFlagsWait        0x1499     0x2  Code  Gb  rtx_evr.o [2]
EvrRtxThreadFlagsWaitCompleted
                              0xdc9     0x2  Code  Gb  rtx_evr.o [2]
EvrRtxThreadFlagsWaitNotCompleted
                             0x131b     0x2  Code  Gb  rtx_evr.o [2]
EvrRtxThreadFlagsWaitPending
                             0x1319     0x2  Code  Gb  rtx_evr.o [2]
EvrRtxThreadFlagsWaitTimeout
                              0xd8b     0x2  Code  Gb  rtx_evr.o [2]
EvrRtxThreadJoined           0x1311     0x2  Code  Gb  rtx_evr.o [2]
EvrRtxThreadNew              0x131d     0x2  Code  Gb  rtx_evr.o [2]
EvrRtxThreadPreempted         0xd9b     0x2  Code  Gb  rtx_evr.o [2]
EvrRtxThreadSwitched          0xdc5     0x2  Code  Gb  rtx_evr.o [2]
EvrRtxThreadUnblocked         0xd99     0x2  Code  Gb  rtx_evr.o [2]
EvrRtxTimerCallback          0x2dd9     0x2  Code  Gb  rtx_evr.o [2]
GPIODirModeSet               0x276d    0x28  Code  Gb  gpio.o [4]
GPIOIntClear                 0x28e9     0x8  Code  Gb  gpio.o [4]
GPIOIntEnable                0x28e3     0x6  Code  Gb  gpio.o [4]
GPIOIntTypeSet               0x2795    0x4c  Code  Gb  gpio.o [4]
GPIOJ_Handler                0x229d    0x3e  Code  Gb  main.o [1]
GPIOPadConfigSet             0x27e1   0x102  Code  Gb  gpio.o [4]
GPIOPinRead                  0x28f1     0x8  Code  Gb  gpio.o [4]
GPIOPinTypeGPIOInput         0x2905    0x14  Code  Gb  gpio.o [4]
GPIOPinTypeGPIOOutput        0x2919     0xa  Code  Gb  gpio.o [4]
GPIOPinWrite                 0x28f9     0x8  Code  Gb  gpio.o [4]
IntEnable                    0x294d    0x52  Code  Gb  interrupt.o [4]
LEDInit                      0x24a9    0xac  Code  Gb  driverleds.o [1]
LEDOff                       0x2597    0x38  Code  Gb  driverleds.o [1]
LEDOn                        0x255d    0x3a  Code  Gb  driverleds.o [1]
LED_MutexAttr                0x2498    0x10  Data  Gb  main.o [1]
MessageQueueGet              0x1545    0x40  Code  Lc  rtx_msgqueue.o [2]
MessageQueuePut              0x14f9    0x4a  Code  Lc  rtx_msgqueue.o [2]
MessageQueueRemove           0x1585    0x1a  Code  Lc  rtx_msgqueue.o [2]
MutexLEDOff                  0x2247     0xc  Code  Gb  main.o [1]
MutexLEDOn                   0x2239     0xe  Code  Gb  main.o [1]
OS_Tick_AcknowledgeIRQ       0x14ed     0xc  Code  Gb  os_systick.o [2]
OS_Tick_Enable               0x2201    0x2c  Code  Gb  os_systick.o [2]
OS_Tick_GetIRQn              0x21f9     0x6  Code  Gb  os_systick.o [2]
OS_Tick_Setup                0x21b9    0x40  Code  Gb  os_systick.o [2]
PWM                          0x226b    0x32  Code  Gb  main.o [1]
PendST                  0x2000'1f3c     0x1  Data  Lc  os_systick.o [2]
PendSV_Handler               0x2c05          Code  Gb  irq_cm4f.o [2]
Region$$Table$$Base          0x2eb4           --   Gb  - Linker created -
Region$$Table$$Limit         0x2ed4           --   Gb  - Linker created -
SVC_Handler                  0x2b6d          Code  Gb  irq_cm4f.o [2]
SysCtlClockFreqSet           0x1c9b   0x1fc  Code  Gb  sysctl.o [4]
SysCtlPeripheralEnable       0x1c7d     0x8  Code  Gb  sysctl.o [4]
SysCtlPeripheralReady        0x1c5b     0x8  Code  Gb  sysctl.o [4]
SysTick_Handler              0x2c15          Code  Gb  irq_cm4f.o [2]
SystemCoreClock         0x2000'1f40     0x4  Data  Gb  system_TM4C1294_TW.o [1]
SystemInit                   0x2741    0x1a  Code  Gb  system_TM4C1294_TW.o [1]
ThreadControl                0x2345    0x74  Code  Gb  main.o [1]
ThreadFlagsCheck              0x3c1    0x6c  Code  Lc  rtx_thread.o [2]
ThreadLED                    0x22db    0x68  Code  Gb  main.o [1]
TimerInsert                  0x2c31    0x38  Code  Lc  rtx_timer.o [2]
_SysCtlMemTimingGet          0x1c39    0x22  Code  Lc  sysctl.o [4]
__Vectors                       0x0           --   Gb  startup_TM4C1294.o [1]
__Vectors_End                 0x3c0          Data  Gb  startup_TM4C1294.o [1]
__Vectors_Size {Abs}          0x3c0           --   Gb  startup_TM4C1294.o [1]
__aeabi_memclr               0x1bc1          Code  Gb  ABImemclr.o [5]
__aeabi_memclr4               0xf71          Code  Gb  ABImemclr4.o [5]
__aeabi_memcpy               0x1b15          Code  Gb  ABImemcpy.o [5]
__aeabi_memcpy4              0x1b35          Code  Gb  ABImemcpy.o [5]
__aeabi_memcpy8              0x1b35          Code  Gb  ABImemcpy.o [5]
__cmain                      0x2ed5          Code  Gb  cmain.o [5]
__exit                       0x2f09    0x14  Code  Gb  exit.o [6]
__iar_Memset4_word           0x14a5          Code  Gb  ABImemset48.o [5]
__iar_Memset8_word           0x14a5          Code  Gb  ABImemset48.o [5]
__iar_Memset_word            0x1bd9          Code  Gb  ABImemset.o [5]
__iar_data_init3             0x2e45    0x28  Code  Gb  data_init.o [5]
__iar_init_vfp               0x2f41          Code  Wk  startup_TM4C1294.o [1]
__iar_packbits_init_single3
                              0xdcb    0x3a  Code  Gb  packbits_init_single.o [5]
__iar_program_start          0x2f1d          Code  Gb  cstartup_M.o [5]
__iar_zero_init3             0x2ddb    0x38  Code  Gb  zero_init3.o [5]
__low_level_init             0x2ef3     0x4  Code  Gb  low_level_init.o [3]
__vector_table                  0x0          Data  Gb  startup_TM4C1294.o [1]
__vector_table_0x1c            0x1c          Data  Gb  startup_TM4C1294.o [1]
_call_main                   0x2ee1          Code  Gb  cmain.o [5]
_exit                        0x2efd          Code  Gb  cexit.o [5]
app_main                     0x23e5    0x4e  Code  Gb  main.o [1]
event_usw1              0x2000'1f1d     0x1  Data  Gb  main.o [1]
event_usw2              0x2000'1f1e     0x1  Data  Gb  main.o [1]
exit                         0x2ef7     0x4  Code  Gb  exit.o [3]
g_pppui32XTALtoVCO           0x29bc   0x1b0  Data  Lc  sysctl.o [4]
g_pui32EnRegs                0x29a8    0x14  Data  Lc  interrupt.o [4]
g_pui32VCOFrequencies        0x1ed0     0x8  Data  Lc  sysctl.o [4]
g_pui32Xtals                 0x2cc0    0x6c  Data  Lc  sysctl.o [4]
g_sXTALtoMEMTIM              0x2e14    0x30  Data  Lc  sysctl.o [4]
led_mut_id              0x2000'1f38     0x4  Data  Gb  main.o [1]
main                         0x243f    0x48  Code  Gb  main.o [1]
mid_LED1Queue           0x2000'1f20     0x4  Data  Gb  main.o [1]
mid_LED2Queue           0x2000'1f24     0x4  Data  Gb  main.o [1]
mid_LED3Queue           0x2000'1f28     0x4  Data  Gb  main.o [1]
mid_LED4Queue           0x2000'1f2c     0x4  Data  Gb  main.o [1]
osDelay                      0x2619    0x38  Code  Gb  rtx_delay.o [2]
osKernelGetState             0x20d1    0x40  Code  Gb  rtx_kernel.o [2]
osKernelInitialize           0x2099    0x38  Code  Gb  rtx_kernel.o [2]
osKernelStart                0x2111    0x34  Code  Gb  rtx_kernel.o [2]
osMessageQueueGet            0x1a71    0x90  Code  Gb  rtx_msgqueue.o [2]
osMessageQueueNew            0x1999    0x3e  Code  Gb  rtx_msgqueue.o [2]
osMessageQueuePut            0x19d9    0x98  Code  Gb  rtx_msgqueue.o [2]
osMutexAcquire               0x1281    0x3e  Code  Gb  rtx_mutex.o [2]
osMutexNew                   0x1249    0x36  Code  Gb  rtx_mutex.o [2]
osMutexRelease               0x12c1    0x3a  Code  Gb  rtx_mutex.o [2]
osRtxConfig                  0x2d2c    0x68  Data  Gb  rtx_lib.o [1]
osRtxErrorNotify             0x149b     0x2  Code  Gb  RTX_Config.o [1]
osRtxIdleThread               0xfc3     0x2  Code  Gb  RTX_Config.o [1]
osRtxInfo               0x2000'0000    0xa4  Data  Gb  rtx_kernel.o [2]
osRtxKernelPreInit           0x222f     0x2  Code  Gb  rtx_lib.o [1]
osRtxMemoryAlloc              0xeed    0x84  Code  Gb  rtx_memory.o [2]
osRtxMemoryFree               0xf79    0x4a  Code  Gb  rtx_memory.o [2]
osRtxMemoryInit              0x216f    0x44  Code  Gb  rtx_memory.o [2]
osRtxMemoryPoolAlloc          0xe51    0x44  Code  Gb  rtx_mempool.o [2]
osRtxMemoryPoolFree           0xe95    0x56  Code  Gb  rtx_mempool.o [2]
osRtxMemoryPoolInit           0xe05    0x4a  Code  Gb  rtx_mempool.o [2]
osRtxMessageQueuePostProcess
                             0x159f    0xe6  Code  Lc  rtx_msgqueue.o [2]
osRtxMutexOwnerRelease        0xfc5    0x52  Code  Gb  rtx_mutex.o [2]
osRtxPendSV_Handler          0x1395    0x8a  Code  Gb  rtx_system.o [2]
osRtxPostProcess             0x1421    0x6e  Code  Gb  rtx_system.o [2]
osRtxThreadBlock              0x64b    0x34  Code  Lc  rtx_thread.o [2]
osRtxThreadDelayInsert        0x4a3    0x62  Code  Lc  rtx_thread.o [2]
osRtxThreadDelayRemove        0x505    0x44  Code  Lc  rtx_thread.o [2]
osRtxThreadDelayTick          0x549    0xee  Code  Gb  rtx_thread.o [2]
osRtxThreadDispatch           0x69b    0x54  Code  Gb  rtx_thread.o [2]
osRtxThreadFree               0x989    0x56  Code  Lc  rtx_thread.o [2]
osRtxThreadListGet            0x44f    0x14  Code  Gb  rtx_thread.o [2]
osRtxThreadListPut            0x42d    0x22  Code  Gb  rtx_thread.o [2]
osRtxThreadListRemove         0x485    0x16  Code  Gb  rtx_thread.o [2]
osRtxThreadListSort           0x463    0x22  Code  Gb  rtx_thread.o [2]
osRtxThreadPostProcess        0x763    0x54  Code  Lc  rtx_thread.o [2]
osRtxThreadReadyPut           0x49b     0x8  Code  Gb  rtx_thread.o [2]
osRtxThreadRegPtr             0x637    0x14  Code  Gb  rtx_thread.o [2]
osRtxThreadStackCheck         0xd9d    0x28  Code  Gb  rtx_thread.o [2]
osRtxThreadStartup            0xc13    0x30  Code  Gb  rtx_thread.o [2]
osRtxThreadSwitch             0x67f    0x1c  Code  Gb  rtx_thread.o [2]
osRtxThreadWaitEnter          0x729    0x3a  Code  Gb  rtx_thread.o [2]
osRtxThreadWaitExit           0x6f5    0x2e  Code  Gb  rtx_thread.o [2]
osRtxTick_Handler            0x1325    0x6e  Code  Gb  rtx_system.o [2]
osRtxTimerThread             0x2d95    0x44  Code  Gb  rtx_timer.o [2]
osRtxTimerTick               0x2c69    0x54  Code  Lc  rtx_timer.o [2]
osRtxUserSVC                 0x2f70     0x4  Data  Gb  rtx_lib.o [1]
osThreadExit                  0xc8d    0x16  Code  Gb  rtx_thread.o [2]
osThreadFlagsSet              0xcb1    0x7a  Code  Gb  rtx_thread.o [2]
osThreadFlagsWait             0xd2d    0x42  Code  Gb  rtx_thread.o [2]
osThreadNew                   0xc45    0x40  Code  Gb  rtx_thread.o [2]
os_idle_thread_attr          0x2e6c    0x24  Data  Lc  rtx_lib.o [1]
os_idle_thread_cb       0x2000'1e20    0x44  Data  Lc  rtx_lib.o [1]
os_idle_thread_stack    0x2000'1bd0   0x100  Data  Lc  rtx_lib.o [1]
os_isr_queue            0x2000'1ea8    0x40  Data  Lc  rtx_lib.o [1]
os_mem                  0x2000'00d8  0x1000  Data  Lc  rtx_lib.o [1]
os_mpi_def_stack        0x2000'00bc    0x18  Data  Lc  rtx_lib.o [1]
os_mpi_thread           0x2000'00a4    0x18  Data  Lc  rtx_lib.o [1]
os_thread_cb            0x2000'1a38   0x198  Data  Lc  rtx_lib.o [1]
os_thread_def_stack     0x2000'10d8   0x960  Data  Lc  rtx_lib.o [1]
os_timer_mq_attr             0x2f4c    0x18  Data  Lc  rtx_lib.o [1]
os_timer_mq_cb          0x2000'1ee8    0x34  Data  Lc  rtx_lib.o [1]
os_timer_mq_data        0x2000'1dd0    0x50  Data  Lc  rtx_lib.o [1]
os_timer_thread_attr         0x2e90    0x24  Data  Lc  rtx_lib.o [1]
os_timer_thread_cb      0x2000'1e64    0x44  Data  Lc  rtx_lib.o [1]
os_timer_thread_stack   0x2000'1cd0   0x100  Data  Lc  rtx_lib.o [1]
svcRtxDelay                  0x25f5    0x24  Code  Lc  rtx_delay.o [2]
svcRtxKernelGetState         0x1fef    0x12  Code  Lc  rtx_kernel.o [2]
svcRtxKernelInitialize       0x1ed9   0x116  Code  Lc  rtx_kernel.o [2]
svcRtxKernelStart            0x2001    0x96  Code  Lc  rtx_kernel.o [2]
svcRtxMessageQueueGet        0x1889    0xe8  Code  Lc  rtx_msgqueue.o [2]
svcRtxMessageQueueNew        0x1685   0x130  Code  Lc  rtx_msgqueue.o [2]
svcRtxMessageQueuePut        0x17b5    0xd4  Code  Lc  rtx_msgqueue.o [2]
svcRtxMutexAcquire           0x1095    0xd2  Code  Lc  rtx_mutex.o [2]
svcRtxMutexNew               0x1017    0x7e  Code  Lc  rtx_mutex.o [2]
svcRtxMutexRelease           0x1167    0xd6  Code  Lc  rtx_mutex.o [2]
svcRtxThreadExit              0x9df    0x8e  Code  Lc  rtx_thread.o [2]
svcRtxThreadFlagsSet          0xa6d    0x9c  Code  Lc  rtx_thread.o [2]
svcRtxThreadFlagsWait         0xb0d   0x106  Code  Lc  rtx_thread.o [2]
svcRtxThreadNew               0x7b7   0x1cc  Code  Lc  rtx_thread.o [2]
tid_control             0x2000'1f34     0x4  Data  Gb  main.o [1]
tid_led                 0x2000'1f30     0x4  Data  Gb  main.o [1]


[1] = D:\Users\joaoz\Desktop\Repos\TM4C1294_RTOS_IAR9\Projects\Laboratório_06\ewarm\Obj
[2] = RTX_CM.a
[3] = dl7M_tln.a
[4] = driverlib.a
[5] = rt7M_tl.a
[6] = shb_l.a

  11'310 bytes of readonly  code memory
     881 bytes of readonly  data memory
  40'769 bytes of readwrite data memory

Errors: none
Warnings: none
