###############################################################################
#
# IAR ELF Linker V9.10.2.313/W64 for ARM                  14/Aug/2021  17:08:22
# Copyright 2007-2021 IAR Systems AB.
#
#    Output file  =
#        D:\Users\joaoz\Desktop\Repos\TM4C1294_RTOS_IAR9\Projects\Laboratório_06\ewarm\Exe\main.out
#    Map file     =
#        D:\Users\joaoz\Desktop\Repos\TM4C1294_RTOS_IAR9\Projects\Laboratório_06\ewarm\List\main.map
#    Command line =
#        -f
#        D:\Users\joaoz\Desktop\Repos\TM4C1294_RTOS_IAR9\Projects\Laboratório_06\ewarm\Exe\main.out.rsp
#        (D:\Users\joaoz\Desktop\Repos\TM4C1294_RTOS_IAR9\Projects\Laboratório_06\ewarm\Obj\driverbuttons.o
#        D:\Users\joaoz\Desktop\Repos\TM4C1294_RTOS_IAR9\Projects\Laboratório_06\ewarm\Obj\driverleds.o
#        D:\Users\joaoz\Desktop\Repos\TM4C1294_RTOS_IAR9\TivaWare_C_Series-2.1.4.178\driverlib\ewarm\Exe\driverlib.a
#        D:\Users\joaoz\Desktop\Repos\TM4C1294_RTOS_IAR9\Projects\Laboratório_06\ewarm\Obj\main.o
#        D:\Users\joaoz\Desktop\Repos\TM4C1294_RTOS_IAR9\CMSIS-5.6.0\CMSIS\RTOS2\RTX\Library\IAR\IDE\CM4F\Exe\RTX_CM.a
#        D:\Users\joaoz\Desktop\Repos\TM4C1294_RTOS_IAR9\Projects\Laboratório_06\ewarm\Obj\RTX_Config.o
#        D:\Users\joaoz\Desktop\Repos\TM4C1294_RTOS_IAR9\Projects\Laboratório_06\ewarm\Obj\rtx_lib.o
#        D:\Users\joaoz\Desktop\Repos\TM4C1294_RTOS_IAR9\Projects\Laboratório_06\ewarm\Obj\startup_TM4C1294.o
#        D:\Users\joaoz\Desktop\Repos\TM4C1294_RTOS_IAR9\Projects\Laboratório_06\ewarm\Obj\system_TM4C1294_TW.o
#        --no_out_extension -o
#        D:\Users\joaoz\Desktop\Repos\TM4C1294_RTOS_IAR9\Projects\Laboratório_06\ewarm\Exe\main.out
#        --map
#        D:\Users\joaoz\Desktop\Repos\TM4C1294_RTOS_IAR9\Projects\Laboratório_06\ewarm\List\main.map
#        --config "C:\Program Files\IAR Systems\Embedded Workbench
#        9.0\arm\config\linker\TexasInstruments\TM4C1294NC.icf" --semihosting
#        --entry __iar_program_start --vfe --text_out locale)
#
###############################################################################

*******************************************************************************
*** RUNTIME MODEL ATTRIBUTES
***

CppFlavor       = *
__SystemLibrary = DLib
__dlib_version  = 6


*******************************************************************************
*** HEAP SELECTION
***

The basic heap was selected because some modules are built with
size limitations (and not runtime checking), and --advanced_heap
was not specified.


*******************************************************************************
*** PLACEMENT SUMMARY
***

"A0":  place at address 0x0 { ro section .intvec };
"P1":  place in [from 0x0 to 0xf'ffff] { ro };
define block CSTACK with size = 32K, alignment = 8 { };
define block HEAP with size = 64K, alignment = 8 { };
"P2":  place in [from 0x2000'0000 to 0x2003'ffff] {
          rw, block CSTACK, block HEAP };
initialize by copy { rw };

  Section                Kind         Address    Size  Object
  -------                ----         -------    ----  ------
"A0":                                           0x3c0
  .intvec                ro code          0x0   0x3c0  startup_TM4C1294.o [1]
                                      - 0x3c0   0x3c0

"P1":                                          0x28bf
  .text                  ro code        0x3c0   0x7e0  rtx_thread.o [2]
  .text                  ro code        0xba0     0x2  rtx_evr.o [2]
  .text                  ro code        0xba2     0x2  rtx_evr.o [2]
  .text                  ro code        0xba4     0x2  rtx_evr.o [2]
  .text                  ro code        0xba6     0x2  rtx_evr.o [2]
  .text                  ro code        0xba8     0x2  rtx_evr.o [2]
  .text                  ro code        0xbaa     0x2  rtx_evr.o [2]
  .text                  ro code        0xbac     0x2  rtx_evr.o [2]
  .text                  ro code        0xbae     0x2  rtx_evr.o [2]
  .text                  ro code        0xbb0     0x2  rtx_evr.o [2]
  .text                  ro code        0xbb2     0x2  rtx_evr.o [2]
  .text                  ro code        0xbb4    0x28  rtx_thread.o [2]
  .text                  ro code        0xbdc     0x2  rtx_evr.o [2]
  .text                  ro code        0xbde     0x2  rtx_evr.o [2]
  .text                  ro code        0xbe0     0x2  rtx_evr.o [2]
  .text                  ro code        0xbe2    0x3a  packbits_init_single.o [5]
  .text                  ro code        0xc1c    0xe6  rtx_mempool.o [2]
  .text                  ro code        0xd02     0x2  rtx_evr.o [2]
  .text                  ro code        0xd04    0x84  rtx_memory.o [2]
  .text                  ro code        0xd88     0x6  ABImemclr4.o [5]
  .text                  ro code        0xd8e     0x2  rtx_evr.o [2]
  .text                  ro code        0xd90    0x4a  rtx_memory.o [2]
  .text                  ro code        0xdda     0x2  RTX_Config.o [1]
  .text                  ro code        0xddc   0x28c  rtx_mutex.o [2]
  .text                  ro code       0x1068     0x2  rtx_evr.o [2]
  .text                  ro code       0x106a     0x2  rtx_evr.o [2]
  .text                  ro code       0x106c     0x2  rtx_evr.o [2]
  .text                  ro code       0x106e     0x2  rtx_evr.o [2]
  .text                  ro code       0x1070     0x2  rtx_evr.o [2]
  .text                  ro code       0x1072     0x2  RTX_Config.o [1]
  .text                  ro code       0x1074     0x2  rtx_evr.o [2]
  .text                  ro code       0x1076     0x2  rtx_evr.o [2]
  .text                  ro code       0x1078     0x2  rtx_evr.o [2]
  .text                  ro code       0x107a     0x2  rtx_evr.o [2]
  .text                  ro code       0x107c    0x32  ABImemset48.o [5]
  .text                  ro code       0x10ae     0x2  rtx_evr.o [2]
  .text                  ro code       0x10b0     0x2  rtx_evr.o [2]
  .text                  ro code       0x10b2     0x2  rtx_evr.o [2]
  .text                  ro code       0x10b4     0x2  rtx_evr.o [2]
  .text                  ro code       0x10b6     0x2  rtx_evr.o [2]
  .text                  ro code       0x10b8     0x2  rtx_evr.o [2]
  .text                  ro code       0x10ba     0x2  rtx_evr.o [2]
  .text                  ro code       0x10bc     0x2  rtx_evr.o [2]
  .text                  ro code       0x10be     0x2  startup_TM4C1294.o [1]
  .text                  ro code       0x10c0   0x61c  rtx_msgqueue.o [2]
  .text                  ro code       0x16dc    0xa6  ABImemcpy.o [5]
  .text                  ro code       0x1782     0x2  rtx_evr.o [2]
  .text                  ro code       0x1784     0x2  rtx_evr.o [2]
  .text                  ro code       0x1786     0x2  rtx_evr.o [2]
  .text                  ro code       0x1788     0x6  ABImemclr.o [5]
  .text                  ro code       0x178e     0x2  rtx_evr.o [2]
  .text                  ro code       0x1790     0x2  rtx_evr.o [2]
  .text                  ro code       0x1792     0x2  rtx_evr.o [2]
  .text                  ro code       0x1794     0x2  rtx_evr.o [2]
  .text                  ro code       0x1796     0x2  rtx_evr.o [2]
  .text                  ro code       0x1798     0x2  rtx_evr.o [2]
  .text                  ro code       0x179a     0x2  rtx_evr.o [2]
  .text                  ro code       0x179c   0x174  rtx_system.o [2]
  .text                  ro code       0x1910     0x2  rtx_evr.o [2]
  .text                  ro code       0x1912     0x2  rtx_evr.o [2]
  .text                  ro code       0x1914    0x5e  ABImemset.o [5]
  .text                  ro code       0x1974     0xc  os_systick.o [2]
  .text                  ro code       0x1980   0x2a0  sysctl.o [4]
  .text                  ro code       0x1c20   0x294  rtx_kernel.o [2]
  .text                  ro code       0x1eb4     0x2  rtx_evr.o [2]
  .text                  ro code       0x1eb6    0x44  rtx_memory.o [2]
  .text                  ro code       0x1efa     0x2  rtx_evr.o [2]
  .text                  ro code       0x1efc     0x2  rtx_evr.o [2]
  .text                  ro code       0x1f00    0x40  os_systick.o [2]
  .text                  ro code       0x1f40     0x6  os_systick.o [2]
  .text                  ro code       0x1f48    0x2c  os_systick.o [2]
  .text                  ro code       0x1f74     0x2  rtx_evr.o [2]
  .text                  ro code       0x1f76     0x2  rtx_lib.o [1]
  .text                  ro code       0x1f78     0x2  rtx_evr.o [2]
  .text                  ro code       0x1f7a     0x2  rtx_evr.o [2]
  .text                  ro code       0x1f7c     0x2  rtx_evr.o [2]
  .text                  ro code       0x1f80   0x214  main.o [1]
  .text                  ro code       0x2194   0x14c  driverleds.o [1]
  .text                  ro code       0x22e0    0x64  rtx_delay.o [2]
  .text                  ro code       0x2344    0xe8  driverbuttons.o [1]
  .text                  ro code       0x242c   0x1d8  gpio.o [4]
  .text                  ro code       0x2604     0x2  rtx_evr.o [2]
  .text                  ro code       0x2606     0x2  rtx_evr.o [2]
  .text                  ro code       0x2608     0x2  rtx_evr.o [2]
  .text                  ro code       0x260c    0x70  interrupt.o [4]
  .rodata                const         0x267c   0x1b0  sysctl.o [4]
  .text                  ro code       0x282c    0xc4  irq_cm4f.o [2]
  .text                  ro code       0x28f0    0x90  rtx_timer.o [2]
  .rodata                const         0x2980    0x6c  sysctl.o [4]
  .rodata                const         0x29ec    0x68  rtx_lib.o [1]
  .text                  ro code       0x2a54    0x44  rtx_timer.o [2]
  .text                  ro code       0x2a98     0x2  rtx_evr.o [2]
  .text                  ro code       0x2a9a    0x38  zero_init3.o [5]
  .rodata                const         0x2ad4    0x30  sysctl.o [4]
  .text                  ro code       0x2b04    0x2c  system_TM4C1294_TW.o [1]
  .text                  ro code       0x2b30    0x28  data_init.o [5]
  .rodata                const         0x2b58    0x24  rtx_lib.o [1]
  .rodata                const         0x2b7c    0x24  rtx_lib.o [1]
  .iar.init_table        const         0x2ba0    0x20  - Linker created -
  .text                  ro code       0x2bc0    0x1e  cmain.o [5]
  .text                  ro code       0x2bde     0x4  low_level_init.o [3]
  .text                  ro code       0x2be2     0x4  exit.o [3]
  .text                  ro code       0x2be8     0xa  cexit.o [5]
  .text                  ro code       0x2bf4    0x14  exit.o [6]
  .text                  ro code       0x2c08    0x1c  cstartup_M.o [5]
  .text                  ro code       0x2c24    0x14  startup_TM4C1294.o [1]
  .rodata                const         0x2c38    0x18  rtx_lib.o [1]
  .rodata                const         0x2c50     0x4  rtx_lib.o [1]
  .rodata                const         0x2c54     0x0  zero_init3.o [5]
  .rodata                const         0x2c54     0x0  packbits_init_single.o [5]
  Initializer bytes      const         0x2c54    0x2b  <for P2-1>
                                     - 0x2c7f  0x28bf

"P2", part 1 of 3:                               0xd4
  P2-1                            0x2000'0000    0xd4  <Init block>
    .data.os             inited   0x2000'0000    0xa4  rtx_kernel.o [2]
    .data.os.thread.mpi  inited   0x2000'00a4    0x18  rtx_lib.o [1]
    .data.os.thread.mpi  inited   0x2000'00bc    0x18  rtx_lib.o [1]
                                - 0x2000'00d4    0xd4

"P2", part 2 of 3:                             0x1e68
  .bss.os                zero     0x2000'00d8  0x1000  rtx_lib.o [1]
  .bss.os.thread.stack   zero     0x2000'10d8   0x960  rtx_lib.o [1]
  .bss.os.thread.cb      zero     0x2000'1a38   0x198  rtx_lib.o [1]
  .bss.os.thread.stack   zero     0x2000'1bd0   0x100  rtx_lib.o [1]
  .bss.os.thread.stack   zero     0x2000'1cd0   0x100  rtx_lib.o [1]
  .bss.os.msgqueue.mem   zero     0x2000'1dd0    0x50  rtx_lib.o [1]
  .bss.os.thread.cb      zero     0x2000'1e20    0x44  rtx_lib.o [1]
  .bss.os.thread.cb      zero     0x2000'1e64    0x44  rtx_lib.o [1]
  .bss.os                zero     0x2000'1ea8    0x40  rtx_lib.o [1]
  .bss.os.msgqueue.cb    zero     0x2000'1ee8    0x34  rtx_lib.o [1]
  .bss                   zero     0x2000'1f1c    0x18  main.o [1]
  .bss                   zero     0x2000'1f34     0x4  main.o [1]
  .bss                   zero     0x2000'1f38     0x1  os_systick.o [2]
                                - 0x2000'1f39  0x1e65

"P2", part 3 of 3:                             0x8004
  .noinit                uninit   0x2000'1f3c     0x4  system_TM4C1294_TW.o [1]
  CSTACK                          0x2000'1f40  0x8000  <Block>
    CSTACK               uninit   0x2000'1f40  0x8000  <Block tail>
                                - 0x2000'9f40  0x8004

Unused ranges:

         From           To      Size
         ----           --      ----
       0x2c7f     0xf'ffff  0xf'd381
  0x2000'9f40  0x2003'ffff  0x3'60c0


*******************************************************************************
*** INIT TABLE
***

          Address      Size
          -------      ----
Zero (__iar_zero_init3)
    1 destination range, total size 0x1e61:
          0x2000'00d8  0x1e61

Copy/packbits (__iar_packbits_init_single3)
    1 source range, total size 0x2b (20% of destination):
               0x2c54    0x2b
    1 destination range, total size 0xd4:
          0x2000'0000    0xd4



*******************************************************************************
*** MODULE SUMMARY
***

    Module                  ro code  ro data  rw data
    ------                  -------  -------  -------
command line/config:
    -------------------------------------------------
    Total:

D:\Users\joaoz\Desktop\Repos\TM4C1294_RTOS_IAR9\Projects\Laboratório_06\ewarm\Obj: [1]
    RTX_Config.o                  4
    driverbuttons.o             232
    driverleds.o                332
    main.o                      532                28
    rtx_lib.o                     2      214    7'796
    startup_TM4C1294.o          982
    system_TM4C1294_TW.o         44                 4
    -------------------------------------------------
    Total:                    2'128      214    7'828

RTX_CM.a: [2]
    irq_cm4f.o                  196
    os_systick.o                126                 1
    rtx_delay.o                 100
    rtx_evr.o                   110
    rtx_kernel.o                660       33      164
    rtx_memory.o                274
    rtx_mempool.o               230
    rtx_msgqueue.o            1'564
    rtx_mutex.o                 652
    rtx_system.o                372
    rtx_thread.o              2'056
    rtx_timer.o                 212
    -------------------------------------------------
    Total:                    6'552       33      165

dl7M_tln.a: [3]
    exit.o                        4
    low_level_init.o              4
    -------------------------------------------------
    Total:                        8

driverlib.a: [4]
    gpio.o                      472
    interrupt.o                 112
    sysctl.o                    672      588
    -------------------------------------------------
    Total:                    1'256      588

rt7M_tl.a: [5]
    ABImemclr.o                   6
    ABImemclr4.o                  6
    ABImemcpy.o                 166
    ABImemset.o                  94
    ABImemset48.o                50
    cexit.o                      10
    cmain.o                      30
    cstartup_M.o                 28
    data_init.o                  40
    packbits_init_single.o       58
    zero_init3.o                 56
    -------------------------------------------------
    Total:                      544

shb_l.a: [6]
    exit.o                       20
    -------------------------------------------------
    Total:                       20

    Gaps                         14        2        4
    Linker created                        32   32'768
-----------------------------------------------------
    Grand Total:             10'522      869   40'765


*******************************************************************************
*** ENTRY LIST
***

Entry                       Address    Size  Type      Object
-----                       -------    ----  ----      ------
.iar.init_table$$Base        0x2ba0           --   Gb  - Linker created -
.iar.init_table$$Limit       0x2bc0           --   Gb  - Linker created -
?main                        0x2bc1          Code  Gb  cmain.o [5]
ButtonInit                   0x2345    0x50  Code  Gb  driverbuttons.o [1]
ButtonIntClear               0x2401    0x24  Code  Gb  driverbuttons.o [1]
ButtonIntEnable              0x23bd    0x44  Code  Gb  driverbuttons.o [1]
ButtonRead                   0x2395    0x28  Code  Gb  driverbuttons.o [1]
CSTACK$$Base            0x2000'1f40           --   Gb  - Linker created -
CSTACK$$Limit           0x2000'9f40           --   Gb  - Linker created -
CurrentState            0x2000'1f1c     0x1  Data  Gb  main.o [1]
EvrRtxDelay                  0x2607     0x2  Code  Gb  rtx_evr.o [2]
EvrRtxDelayCompleted          0xba1     0x2  Code  Gb  rtx_evr.o [2]
EvrRtxDelayError             0x2609     0x2  Code  Gb  rtx_evr.o [2]
EvrRtxDelayStarted           0x2605     0x2  Code  Gb  rtx_evr.o [2]
EvrRtxEventFlagsWaitTimeout
                              0xba5     0x2  Code  Gb  rtx_evr.o [2]
EvrRtxKernelError            0x1eb5     0x2  Code  Gb  rtx_evr.o [2]
EvrRtxKernelGetState         0x1efd     0x2  Code  Gb  rtx_evr.o [2]
EvrRtxKernelInitialize       0x1f79     0x2  Code  Gb  rtx_evr.o [2]
EvrRtxKernelInitialized
                             0x1efb     0x2  Code  Gb  rtx_evr.o [2]
EvrRtxKernelStart            0x1f7b     0x2  Code  Gb  rtx_evr.o [2]
EvrRtxKernelStarted          0x1f75     0x2  Code  Gb  rtx_evr.o [2]
EvrRtxMemoryAlloc            0x107b     0x2  Code  Gb  rtx_evr.o [2]
EvrRtxMemoryBlockAlloc       0x1077     0x2  Code  Gb  rtx_evr.o [2]
EvrRtxMemoryBlockFree        0x1079     0x2  Code  Gb  rtx_evr.o [2]
EvrRtxMemoryBlockInit        0x1075     0x2  Code  Gb  rtx_evr.o [2]
EvrRtxMemoryFree             0x10af     0x2  Code  Gb  rtx_evr.o [2]
EvrRtxMemoryInit             0x1f7d     0x2  Code  Gb  rtx_evr.o [2]
EvrRtxMemoryPoolAllocTimeout
                              0xbab     0x2  Code  Gb  rtx_evr.o [2]
EvrRtxMessageQueueCreated
                             0x178f     0x2  Code  Gb  rtx_evr.o [2]
EvrRtxMessageQueueError
                             0x1787     0x2  Code  Gb  rtx_evr.o [2]
EvrRtxMessageQueueGet        0x1913     0x2  Code  Gb  rtx_evr.o [2]
EvrRtxMessageQueueGetPending
                             0x1795     0x2  Code  Gb  rtx_evr.o [2]
EvrRtxMessageQueueGetTimeout
                              0xbad     0x2  Code  Gb  rtx_evr.o [2]
EvrRtxMessageQueueInsertPending
                             0x1911     0x2  Code  Gb  rtx_evr.o [2]
EvrRtxMessageQueueInserted
                             0x1783     0x2  Code  Gb  rtx_evr.o [2]
EvrRtxMessageQueueNew        0x1799     0x2  Code  Gb  rtx_evr.o [2]
EvrRtxMessageQueueNotInserted
                             0x1793     0x2  Code  Gb  rtx_evr.o [2]
EvrRtxMessageQueueNotRetrieved
                             0x1797     0x2  Code  Gb  rtx_evr.o [2]
EvrRtxMessageQueuePut        0x179b     0x2  Code  Gb  rtx_evr.o [2]
EvrRtxMessageQueuePutPending
                             0x1791     0x2  Code  Gb  rtx_evr.o [2]
EvrRtxMessageQueuePutTimeout
                              0xbaf     0x2  Code  Gb  rtx_evr.o [2]
EvrRtxMessageQueueRetrieved
                             0x1785     0x2  Code  Gb  rtx_evr.o [2]
EvrRtxMutexAcquire           0x10bb     0x2  Code  Gb  rtx_evr.o [2]
EvrRtxMutexAcquirePending
                             0x10b7     0x2  Code  Gb  rtx_evr.o [2]
EvrRtxMutexAcquireTimeout
                              0xba7     0x2  Code  Gb  rtx_evr.o [2]
EvrRtxMutexAcquired          0x10b3     0x2  Code  Gb  rtx_evr.o [2]
EvrRtxMutexError             0x10b5     0x2  Code  Gb  rtx_evr.o [2]
EvrRtxMutexNotAcquired       0x10b9     0x2  Code  Gb  rtx_evr.o [2]
EvrRtxMutexRelease           0x10bd     0x2  Code  Gb  rtx_evr.o [2]
EvrRtxMutexReleased          0x10b1     0x2  Code  Gb  rtx_evr.o [2]
EvrRtxSemaphoreAcquireTimeout
                              0xba9     0x2  Code  Gb  rtx_evr.o [2]
EvrRtxThreadBlocked           0xbdf     0x2  Code  Gb  rtx_evr.o [2]
EvrRtxThreadCreated           0xd8f     0x2  Code  Gb  rtx_evr.o [2]
EvrRtxThreadDestroyed        0x106b     0x2  Code  Gb  rtx_evr.o [2]
EvrRtxThreadError             0xd03     0x2  Code  Gb  rtx_evr.o [2]
EvrRtxThreadExit             0x1071     0x2  Code  Gb  rtx_evr.o [2]
EvrRtxThreadFlagsWaitCompleted
                              0xbe1     0x2  Code  Gb  rtx_evr.o [2]
EvrRtxThreadFlagsWaitTimeout
                              0xba3     0x2  Code  Gb  rtx_evr.o [2]
EvrRtxThreadJoined           0x1069     0x2  Code  Gb  rtx_evr.o [2]
EvrRtxThreadNew              0x106d     0x2  Code  Gb  rtx_evr.o [2]
EvrRtxThreadPreempted         0xbb3     0x2  Code  Gb  rtx_evr.o [2]
EvrRtxThreadSwitched          0xbdd     0x2  Code  Gb  rtx_evr.o [2]
EvrRtxThreadUnblocked         0xbb1     0x2  Code  Gb  rtx_evr.o [2]
EvrRtxThreadYield            0x106f     0x2  Code  Gb  rtx_evr.o [2]
EvrRtxTimerCallback          0x2a99     0x2  Code  Gb  rtx_evr.o [2]
GPIODirModeSet               0x242d    0x28  Code  Gb  gpio.o [4]
GPIOIntClear                 0x25a9     0x8  Code  Gb  gpio.o [4]
GPIOIntEnable                0x25a3     0x6  Code  Gb  gpio.o [4]
GPIOIntTypeSet               0x2455    0x4c  Code  Gb  gpio.o [4]
GPIOJ_Handler                0x20cb    0x54  Code  Gb  main.o [1]
GPIOPadConfigSet             0x24a1   0x102  Code  Gb  gpio.o [4]
GPIOPinRead                  0x25b1     0x8  Code  Gb  gpio.o [4]
GPIOPinTypeGPIOInput         0x25c5    0x14  Code  Gb  gpio.o [4]
GPIOPinTypeGPIOOutput        0x25d9     0xa  Code  Gb  gpio.o [4]
GPIOPinWrite                 0x25b9     0x8  Code  Gb  gpio.o [4]
InitMsgQueue                 0x211f    0x2a  Code  Gb  main.o [1]
IntEnable                    0x260d    0x52  Code  Gb  interrupt.o [4]
LEDInit                      0x2195    0xac  Code  Gb  driverleds.o [1]
LEDOff                       0x2283    0x38  Code  Gb  driverleds.o [1]
LEDOn                        0x2249    0x3a  Code  Gb  driverleds.o [1]
MessageQueueGet              0x110d    0x40  Code  Lc  rtx_msgqueue.o [2]
MessageQueuePut              0x10c1    0x4a  Code  Lc  rtx_msgqueue.o [2]
MessageQueueRemove           0x114d    0x1a  Code  Lc  rtx_msgqueue.o [2]
MutexLEDOff                  0x1f8f     0xc  Code  Gb  main.o [1]
MutexLEDOn                   0x1f81     0xe  Code  Gb  main.o [1]
OS_Tick_AcknowledgeIRQ       0x1975     0xc  Code  Gb  os_systick.o [2]
OS_Tick_Enable               0x1f49    0x2c  Code  Gb  os_systick.o [2]
OS_Tick_GetIRQn              0x1f41     0x6  Code  Gb  os_systick.o [2]
OS_Tick_Setup                0x1f01    0x40  Code  Gb  os_systick.o [2]
PWM                          0x1fb3    0x2e  Code  Gb  main.o [1]
PendST                  0x2000'1f38     0x1  Data  Lc  os_systick.o [2]
PendSV_Handler               0x28c5          Code  Gb  irq_cm4f.o [2]
Region$$Table$$Base          0x2ba0           --   Gb  - Linker created -
Region$$Table$$Limit         0x2bc0           --   Gb  - Linker created -
SVC_Handler                  0x282d          Code  Gb  irq_cm4f.o [2]
SysCtlClockFreqSet           0x19e3   0x1fc  Code  Gb  sysctl.o [4]
SysCtlPeripheralEnable       0x19c5     0x8  Code  Gb  sysctl.o [4]
SysCtlPeripheralReady        0x19a3     0x8  Code  Gb  sysctl.o [4]
SysTick_Handler              0x28d5          Code  Gb  irq_cm4f.o [2]
SystemCoreClock         0x2000'1f3c     0x4  Data  Gb  system_TM4C1294_TW.o [1]
SystemInit                   0x2b05    0x1a  Code  Gb  system_TM4C1294_TW.o [1]
ThreadControl                0x1fe1    0x96  Code  Gb  main.o [1]
ThreadFlagsCheck              0x3c1    0x6c  Code  Lc  rtx_thread.o [2]
ThreadLED                    0x208f    0x3c  Code  Gb  main.o [1]
TimerInsert                  0x28f1    0x38  Code  Lc  rtx_timer.o [2]
_SysCtlMemTimingGet          0x1981    0x22  Code  Lc  sysctl.o [4]
__Vectors                       0x0           --   Gb  startup_TM4C1294.o [1]
__Vectors_End                 0x3c0          Data  Gb  startup_TM4C1294.o [1]
__Vectors_Size {Abs}          0x3c0           --   Gb  startup_TM4C1294.o [1]
__aeabi_memclr               0x1789          Code  Gb  ABImemclr.o [5]
__aeabi_memclr4               0xd89          Code  Gb  ABImemclr4.o [5]
__aeabi_memcpy               0x16dd          Code  Gb  ABImemcpy.o [5]
__aeabi_memcpy4              0x16fd          Code  Gb  ABImemcpy.o [5]
__aeabi_memcpy8              0x16fd          Code  Gb  ABImemcpy.o [5]
__cmain                      0x2bc1          Code  Gb  cmain.o [5]
__exit                       0x2bf5    0x14  Code  Gb  exit.o [6]
__iar_Memset4_word           0x107d          Code  Gb  ABImemset48.o [5]
__iar_Memset8_word           0x107d          Code  Gb  ABImemset48.o [5]
__iar_Memset_word            0x1915          Code  Gb  ABImemset.o [5]
__iar_data_init3             0x2b31    0x28  Code  Gb  data_init.o [5]
__iar_init_vfp               0x2c2d          Code  Wk  startup_TM4C1294.o [1]
__iar_packbits_init_single3
                              0xbe3    0x3a  Code  Gb  packbits_init_single.o [5]
__iar_program_start          0x2c09          Code  Gb  cstartup_M.o [5]
__iar_zero_init3             0x2a9b    0x38  Code  Gb  zero_init3.o [5]
__low_level_init             0x2bdf     0x4  Code  Gb  low_level_init.o [3]
__vector_table                  0x0          Data  Gb  startup_TM4C1294.o [1]
__vector_table_0x1c            0x1c          Data  Gb  startup_TM4C1294.o [1]
_call_main                   0x2bcd          Code  Gb  cmain.o [5]
_exit                        0x2be9          Code  Gb  cexit.o [5]
event_usw1              0x2000'1f20     0x4  Data  Gb  main.o [1]
event_usw2              0x2000'1f24     0x4  Data  Gb  main.o [1]
exit                         0x2be3     0x4  Code  Gb  exit.o [3]
g_pppui32XTALtoVCO           0x267c   0x1b0  Data  Lc  sysctl.o [4]
g_pui32EnRegs                0x2668    0x14  Data  Lc  interrupt.o [4]
g_pui32VCOFrequencies        0x1c18     0x8  Data  Lc  sysctl.o [4]
g_pui32Xtals                 0x2980    0x6c  Data  Lc  sysctl.o [4]
g_sXTALtoMEMTIM              0x2ad4    0x30  Data  Lc  sysctl.o [4]
initPeripherals              0x2149    0x18  Code  Gb  main.o [1]
main                         0x2161    0x22  Code  Gb  main.o [1]
mid_MsgQueue            0x2000'1f28     0x4  Data  Gb  main.o [1]
osDelay                      0x2305    0x38  Code  Gb  rtx_delay.o [2]
osKernelGetState             0x1e19    0x40  Code  Gb  rtx_kernel.o [2]
osKernelInitialize           0x1de1    0x38  Code  Gb  rtx_kernel.o [2]
osKernelStart                0x1e59    0x34  Code  Gb  rtx_kernel.o [2]
osMessageQueueGet            0x1639    0x90  Code  Gb  rtx_msgqueue.o [2]
osMessageQueueNew            0x1561    0x3e  Code  Gb  rtx_msgqueue.o [2]
osMessageQueuePut            0x15a1    0x98  Code  Gb  rtx_msgqueue.o [2]
osMutexAcquire                0xfe1    0x3e  Code  Gb  rtx_mutex.o [2]
osMutexRelease               0x1021    0x3a  Code  Gb  rtx_mutex.o [2]
osRtxConfig                  0x29ec    0x68  Data  Gb  rtx_lib.o [1]
osRtxErrorNotify             0x1073     0x2  Code  Gb  RTX_Config.o [1]
osRtxIdleThread               0xddb     0x2  Code  Gb  RTX_Config.o [1]
osRtxInfo               0x2000'0000    0xa4  Data  Gb  rtx_kernel.o [2]
osRtxKernelPreInit           0x1f77     0x2  Code  Gb  rtx_lib.o [1]
osRtxMemoryAlloc              0xd05    0x84  Code  Gb  rtx_memory.o [2]
osRtxMemoryFree               0xd91    0x4a  Code  Gb  rtx_memory.o [2]
osRtxMemoryInit              0x1eb7    0x44  Code  Gb  rtx_memory.o [2]
osRtxMemoryPoolAlloc          0xc69    0x44  Code  Gb  rtx_mempool.o [2]
osRtxMemoryPoolFree           0xcad    0x56  Code  Gb  rtx_mempool.o [2]
osRtxMemoryPoolInit           0xc1d    0x4a  Code  Gb  rtx_mempool.o [2]
osRtxMessageQueuePostProcess
                             0x1167    0xe6  Code  Lc  rtx_msgqueue.o [2]
osRtxMutexOwnerRelease        0xddd    0x52  Code  Gb  rtx_mutex.o [2]
osRtxPendSV_Handler          0x180d    0x8a  Code  Gb  rtx_system.o [2]
osRtxPostProcess             0x1899    0x6e  Code  Gb  rtx_system.o [2]
osRtxThreadBlock              0x64b    0x34  Code  Lc  rtx_thread.o [2]
osRtxThreadDelayInsert        0x4a3    0x62  Code  Lc  rtx_thread.o [2]
osRtxThreadDelayRemove        0x505    0x44  Code  Lc  rtx_thread.o [2]
osRtxThreadDelayTick          0x549    0xee  Code  Gb  rtx_thread.o [2]
osRtxThreadDispatch           0x69b    0x54  Code  Gb  rtx_thread.o [2]
osRtxThreadFree               0x9cb    0x56  Code  Lc  rtx_thread.o [2]
osRtxThreadListGet            0x44f    0x14  Code  Gb  rtx_thread.o [2]
osRtxThreadListPut            0x42d    0x22  Code  Gb  rtx_thread.o [2]
osRtxThreadListRemove         0x485    0x16  Code  Gb  rtx_thread.o [2]
osRtxThreadListSort           0x463    0x22  Code  Gb  rtx_thread.o [2]
osRtxThreadPostProcess        0x763    0x54  Code  Lc  rtx_thread.o [2]
osRtxThreadReadyPut           0x49b     0x8  Code  Gb  rtx_thread.o [2]
osRtxThreadRegPtr             0x637    0x14  Code  Gb  rtx_thread.o [2]
osRtxThreadStackCheck         0xbb5    0x28  Code  Gb  rtx_thread.o [2]
osRtxThreadStartup            0xab5    0x30  Code  Gb  rtx_thread.o [2]
osRtxThreadSwitch             0x67f    0x1c  Code  Gb  rtx_thread.o [2]
osRtxThreadWaitEnter          0x729    0x3a  Code  Gb  rtx_thread.o [2]
osRtxThreadWaitExit           0x6f5    0x2e  Code  Gb  rtx_thread.o [2]
osRtxTick_Handler            0x179d    0x6e  Code  Gb  rtx_system.o [2]
osRtxTimerThread             0x2a55    0x44  Code  Gb  rtx_timer.o [2]
osRtxTimerTick               0x2929    0x54  Code  Lc  rtx_timer.o [2]
osRtxUserSVC                 0x2c50     0x4  Data  Gb  rtx_lib.o [1]
osThreadExit                  0xb69    0x16  Code  Gb  rtx_thread.o [2]
osThreadNew                   0xae9    0x40  Code  Gb  rtx_thread.o [2]
osThreadYield                 0xb2d    0x36  Code  Gb  rtx_thread.o [2]
os_idle_thread_attr          0x2b58    0x24  Data  Lc  rtx_lib.o [1]
os_idle_thread_cb       0x2000'1e20    0x44  Data  Lc  rtx_lib.o [1]
os_idle_thread_stack    0x2000'1bd0   0x100  Data  Lc  rtx_lib.o [1]
os_isr_queue            0x2000'1ea8    0x40  Data  Lc  rtx_lib.o [1]
os_mem                  0x2000'00d8  0x1000  Data  Lc  rtx_lib.o [1]
os_mpi_def_stack        0x2000'00bc    0x18  Data  Lc  rtx_lib.o [1]
os_mpi_thread           0x2000'00a4    0x18  Data  Lc  rtx_lib.o [1]
os_thread_cb            0x2000'1a38   0x198  Data  Lc  rtx_lib.o [1]
os_thread_def_stack     0x2000'10d8   0x960  Data  Lc  rtx_lib.o [1]
os_timer_mq_attr             0x2c38    0x18  Data  Lc  rtx_lib.o [1]
os_timer_mq_cb          0x2000'1ee8    0x34  Data  Lc  rtx_lib.o [1]
os_timer_mq_data        0x2000'1dd0    0x50  Data  Lc  rtx_lib.o [1]
os_timer_thread_attr         0x2b7c    0x24  Data  Lc  rtx_lib.o [1]
os_timer_thread_cb      0x2000'1e64    0x44  Data  Lc  rtx_lib.o [1]
os_timer_thread_stack   0x2000'1cd0   0x100  Data  Lc  rtx_lib.o [1]
phases_mut_id           0x2000'1f34     0x4  Data  Gb  main.o [1]
svcRtxDelay                  0x22e1    0x24  Code  Lc  rtx_delay.o [2]
svcRtxKernelGetState         0x1d37    0x12  Code  Lc  rtx_kernel.o [2]
svcRtxKernelInitialize       0x1c21   0x116  Code  Lc  rtx_kernel.o [2]
svcRtxKernelStart            0x1d49    0x96  Code  Lc  rtx_kernel.o [2]
svcRtxMessageQueueGet        0x1451    0xe8  Code  Lc  rtx_msgqueue.o [2]
svcRtxMessageQueueNew        0x124d   0x130  Code  Lc  rtx_msgqueue.o [2]
svcRtxMessageQueuePut        0x137d    0xd4  Code  Lc  rtx_msgqueue.o [2]
svcRtxMutexAcquire            0xe2f    0xd2  Code  Lc  rtx_mutex.o [2]
svcRtxMutexRelease            0xf01    0xd6  Code  Lc  rtx_mutex.o [2]
svcRtxThreadExit              0xa21    0x8e  Code  Lc  rtx_thread.o [2]
svcRtxThreadNew               0x7b7   0x1cc  Code  Lc  rtx_thread.o [2]
svcRtxThreadYield             0x989    0x42  Code  Lc  rtx_thread.o [2]
tid_ThreadControl       0x2000'1f2c     0x4  Data  Gb  main.o [1]
tid_ThreadLED           0x2000'1f30     0x4  Data  Gb  main.o [1]


[1] = D:\Users\joaoz\Desktop\Repos\TM4C1294_RTOS_IAR9\Projects\Laboratório_06\ewarm\Obj
[2] = RTX_CM.a
[3] = dl7M_tln.a
[4] = driverlib.a
[5] = rt7M_tl.a
[6] = shb_l.a

  10'522 bytes of readonly  code memory
     869 bytes of readonly  data memory
  40'765 bytes of readwrite data memory

Errors: none
Warnings: none
